Component: ARM Compiler 5.06 update 1 (build 61) Tool: armlink [4d35a8]

==============================================================================

Section Cross References

    main.o(.text) refers to _printf_pad.o(.text) for _printf_pre_padding
    main.o(.text) refers to _printf_percent.o(.ARM.Collect$$_printf_percent$$00000000) for _printf_percent
    main.o(.text) refers to _printf_f.o(.ARM.Collect$$_printf_percent$$00000003) for _printf_f
    main.o(.text) refers to printf1.o(x$fpl$printf1) for _printf_fp_dec
    main.o(.text) refers to lcd_driver.o(.text) for lcd_init
    main.o(.text) refers to systick.o(.text) for delay_init
    main.o(.text) refers to onewire.o(.text) for Onewire_Enable_GPIO_Port
    main.o(.text) refers to f2d.o(x$fpl$f2d) for __aeabi_f2d
    main.o(.text) refers to noretval__2sprintf.o(.text) for __2sprintf
    main.o(.text) refers to 18b20.o(.text) for readTemp
    usart.o(.emb_text) refers (Special) to use_no_semi_2.o(.text) for __use_no_semihosting
    usart.o(.text) refers (Special) to use_no_semi_2.o(.text) for __use_no_semihosting
    usart.o(.text) refers to stm32f4xx_rcc.o(.text) for RCC_AHB1PeriphClockCmd
    usart.o(.text) refers to stm32f4xx_gpio.o(.text) for GPIO_PinAFConfig
    usart.o(.text) refers to stm32f4xx_usart.o(.text) for USART_Init
    usart.o(.text) refers to misc.o(.text) for NVIC_Init
    usart.o(.data) refers (Special) to use_no_semi_2.o(.text) for __use_no_semihosting
    stm32f4xx_it.o(.text) refers to _printf_percent.o(.ARM.Collect$$_printf_percent$$00000000) for _printf_percent
    stm32f4xx_it.o(.text) refers to _printf_c.o(.ARM.Collect$$_printf_percent$$00000013) for _printf_c
    stm32f4xx_it.o(.text) refers to _printf_str.o(.text) for _printf_str
    stm32f4xx_it.o(.text) refers to user_systick.o(.text) for TimingDelay_Decrement
    stm32f4xx_it.o(.text) refers to stm32f4xx_usart.o(.text) for USART_GetITStatus
    stm32f4xx_it.o(.text) refers to noretval__2printf.o(.text) for __2printf
    user_systick.o(.text) refers to misc.o(.text) for SysTick_CLKSourceConfig
    user_systick.o(.text) refers to user_systick.o(.data) for .data
    lcd_driver.o(.text) refers to stm32f4xx_rcc.o(.text) for RCC_AHB1PeriphClockCmd
    lcd_driver.o(.text) refers to stm32f4xx_gpio.o(.text) for GPIO_PinAFConfig
    lcd_driver.o(.text) refers to stm32f4xx_spi.o(.text) for SPI_I2S_DeInit
    lcd_driver.o(.text) refers to lcd_lib.o(.constdata) for c_chFont1206
    lcd_driver.o(.text) refers to lcd_lib.o(.constdata) for c_chFont1608
    lcd_driver.o(.text) refers to lcd_lib.o(.constdata) for GB2312
    systick.o(.text) refers to stm32f4xx_rcc.o(.text) for RCC_GetClocksFreq
    systick.o(.text) refers to misc.o(.text) for SysTick_CLKSourceConfig
    systick.o(.text) refers to stm32f10x_systick.o(.text) for SysTick_ITConfig
    systick.o(.text) refers to systick.o(.data) for .data
    18b20.o(.text) refers to onewire.o(.text) for resetOnewire
    18b20.o(.text) refers to systick.o(.text) for delay_us
    onewire.o(.text) refers to stm32f4xx_rcc.o(.text) for RCC_AHB1PeriphClockCmd
    onewire.o(.text) refers to stm32f4xx_gpio.o(.text) for GPIO_Init
    onewire.o(.text) refers to systick.o(.text) for delay_us
    startup_stm32f4xx.o(STACK) refers (Special) to heapauxi.o(.text) for __use_two_region_memory
    startup_stm32f4xx.o(HEAP) refers (Special) to heapauxi.o(.text) for __use_two_region_memory
    startup_stm32f4xx.o(RESET) refers (Special) to heapauxi.o(.text) for __use_two_region_memory
    startup_stm32f4xx.o(RESET) refers to startup_stm32f4xx.o(STACK) for __initial_sp
    startup_stm32f4xx.o(RESET) refers to startup_stm32f4xx.o(.text) for Reset_Handler
    startup_stm32f4xx.o(RESET) refers to stm32f4xx_it.o(.text) for NMI_Handler
    startup_stm32f4xx.o(.text) refers (Special) to heapauxi.o(.text) for __use_two_region_memory
    startup_stm32f4xx.o(.text) refers to system_stm32f4xx.o(.text) for SystemInit
    startup_stm32f4xx.o(.text) refers to __main.o(!!!main) for __main
    startup_stm32f4xx.o(.text) refers to startup_stm32f4xx.o(HEAP) for Heap_Mem
    startup_stm32f4xx.o(.text) refers to startup_stm32f4xx.o(STACK) for Stack_Mem
    stm32f4xx_gpio.o(.text) refers to stm32f4xx_rcc.o(.text) for RCC_AHB1PeriphResetCmd
    stm32f4xx_rcc.o(.text) refers to stm32f4xx_rcc.o(.data) for .data
    stm32f4xx_usart.o(.text) refers to stm32f4xx_rcc.o(.text) for RCC_APB2PeriphResetCmd
    stm32f4xx_spi.o(.text) refers to stm32f4xx_rcc.o(.text) for RCC_APB2PeriphResetCmd
    system_stm32f4xx.o(.text) refers to system_stm32f4xx.o(.data) for .data
    use_no_semi_2.o(.text) refers (Special) to use_no_semi.o(.text) for __use_no_semihosting_swi
    __2printf.o(.text) refers to _printf_char_file.o(.text) for _printf_char_file
    __2printf.o(.text) refers to usart.o(.data) for __stdout
    __2sprintf.o(.text) refers to _printf_char_common.o(.text) for _printf_char_common
    __2sprintf.o(.text) refers to _sputc.o(.text) for _sputc
[...]
    defsig_rtmem_outer.o(.text) refers to defsig_exit.o(.text) for __sig_exit
    defsig_rtmem_formal.o(.text) refers to rt_raise.o(.text) for __rt_raise
    libshutdown.o(.ARM.Collect$$libshutdown$$00000000) refers (Special) to libshutdown2.o(.ARM.Collect$$libshutdown$$00000002) for __rt_lib_shutdown_cpp_1
    libshutdown.o(.ARM.Collect$$libshutdown$$00000000) refers (Special) to libshutdown2.o(.ARM.Collect$$libshutdown$$00000007) for __rt_lib_shutdown_fp_trap_1
    libshutdown.o(.ARM.Collect$$libshutdown$$00000000) refers (Special) to libshutdown2.o(.ARM.Collect$$libshutdown$$0000000F) for __rt_lib_shutdown_heap_1
    libshutdown.o(.ARM.Collect$$libshutdown$$00000000) refers (Special) to libshutdown2.o(.ARM.Collect$$libshutdown$$00000010) for __rt_lib_shutdown_return
    libshutdown.o(.ARM.Collect$$libshutdown$$00000000) refers (Special) to libshutdown2.o(.ARM.Collect$$libshutdown$$0000000A) for __rt_lib_shutdown_signal_1
    libshutdown.o(.ARM.Collect$$libshutdown$$00000000) refers (Special) to libshutdown2.o(.ARM.Collect$$libshutdown$$00000004) for __rt_lib_shutdown_stdio_1
    libshutdown.o(.ARM.Collect$$libshutdown$$00000000) refers (Special) to libshutdown2.o(.ARM.Collect$$libshutdown$$0000000C) for __rt_lib_shutdown_user_alloc_1
    rt_raise.o(.text) refers to __raise.o(.text) for __raise
    rt_raise.o(.text) refers to usart.o(.text) for _sys_exit
    defsig_exit.o(.text) refers to usart.o(.text) for _sys_exit
    defsig_rtmem_inner.o(.text) refers to defsig_general.o(.text) for __default_signal_display
    __raise.o(.text) refers to defsig.o(CL$$defsig) for __default_signal_handler
    defsig_general.o(.text) refers to sys_wrch.o(.text) for _ttywrch
    sys_wrch.o(.text) refers (Special) to use_no_semi.o(.text) for __I$use$semihosting
    sys_wrch.o(.text) refers (Special) to indicate_semi.o(.text) for __semihosting_library_function
    defsig.o(CL$$defsig) refers to defsig_rtmem_inner.o(.text) for __rt_SIGRTMEM_inner
    defsig_abrt_inner.o(.text) refers to defsig_general.o(.text) for __default_signal_display
    defsig_fpe_inner.o(.text) refers to defsig_general.o(.text) for __default_signal_display
    defsig_rtred_inner.o(.text) refers to defsig_general.o(.text) for __default_signal_display
    defsig_stak_inner.o(.text) refers to defsig_general.o(.text) for __default_signal_display
    defsig_pvfn_inner.o(.text) refers to defsig_general.o(.text) for __default_signal_display
    defsig_cppl_inner.o(.text) refers to defsig_general.o(.text) for __default_signal_display
    defsig_segv_inner.o(.text) refers to defsig_general.o(.text) for __default_signal_display
    defsig_other.o(.text) refers to defsig_general.o(.text) for __default_signal_display


==============================================================================

Removing Unused input sections from the image.

    Removing main.o(.emb_text), (8 bytes).
    Removing usart.o(.emb_text), (8 bytes).
    Removing stm32f4xx_it.o(.emb_text), (8 bytes).
    Removing user_systick.o(.emb_text), (8 bytes).
    Removing lcd_driver.o(.emb_text), (8 bytes).
    Removing stm32f10x_systick.o(.emb_text), (8 bytes).
    Removing systick.o(.emb_text), (8 bytes).
    Removing 18b20.o(.emb_text), (8 bytes).
    Removing onewire.o(.emb_text), (8 bytes).
    Removing misc.o(.emb_text), (8 bytes).
    Removing stm32f4xx_fsmc.o(.emb_text), (8 bytes).
    Removing stm32f4xx_fsmc.o(.text), (1148 bytes).
    Removing stm32f4xx_gpio.o(.emb_text), (8 bytes).
    Removing stm32f4xx_rcc.o(.emb_text), (8 bytes).
    Removing stm32f4xx_usart.o(.emb_text), (8 bytes).
    Removing stm32f4xx_spi.o(.emb_text), (8 bytes).
    Removing system_stm32f4xx.o(.emb_text), (8 bytes).

17 unused section(s) (total 1276 bytes) removed from the image.

==============================================================================

Image Symbol Table

    Local Symbols

    Symbol Name                              Value     Ov Type        Size  Object(Section)

    ../clib/angel/boardlib.s                 0x00000000   Number         0  boardshut.o ABSOLUTE
    ../clib/angel/boardlib.s                 0x00000000   Number         0  boardinit1.o ABSOLUTE
    ../clib/angel/boardlib.s                 0x00000000   Number         0  boardinit2.o ABSOLUTE
    ../clib/angel/boardlib.s                 0x00000000   Number         0  boardinit3.o ABSOLUTE
    ../clib/angel/handlers.s                 0x00000000   Number         0  __scatter_copy.o ABSOLUTE
    ../clib/angel/handlers.s                 0x00000000   Number         0  __scatter_zi.o ABSOLUTE
    ../clib/angel/kernel.s                   0x00000000   Number         0  __rtentry.o ABSOLUTE
    ../clib/angel/kernel.s                   0x00000000   Number         0  __rtentry4.o ABSOLUTE
    ../clib/angel/kernel.s                   0x00000000   Number         0  __rtentry2.o ABSOLUTE
    ../clib/angel/kernel.s                   0x00000000   Number         0  rtexit2.o ABSOLUTE
    ../clib/angel/kernel.s                   0x00000000   Number         0  rtexit.o ABSOLUTE
    ../clib/angel/rt.s                       0x00000000   Number         0  rt_locale.o ABSOLUTE
    ../clib/angel/rt.s                       0x00000000   Number         0  rt_raise.o ABSOLUTE
    ../clib/angel/rt.s                       0x00000000   Number         0  rt_locale_intlibspace.o ABSOLUTE
    ../clib/angel/scatter.s                  0x00000000   Number         0  __scatter.o ABSOLUTE
    ../clib/angel/startup.s                  0x00000000   Number         0  __main.o ABSOLUTE
    ../clib/angel/sys.s                      0x00000000   Number         0  sys_stackheap_outer.o ABSOLUTE
    ../clib/angel/sys.s                      0x00000000   Number         0  libspace.o ABSOLUTE
    ../clib/angel/sys.s                      0x00000000   Number         0  indicate_semi.o ABSOLUTE
    ../clib/angel/sys.s                      0x00000000   Number         0  use_no_semi.o ABSOLUTE
    ../clib/angel/sys.s                      0x00000000   Number         0  use_no_semi_2.o ABSOLUTE
    ../clib/angel/sysapp.c                   0x00000000   Number         0  sys_command.o ABSOLUTE
    ../clib/angel/sysapp.c                   0x00000000   Number         0  sys_wrch.o ABSOLUTE
    ../clib/armsys.c                         0x00000000   Number         0  _get_argv_nomalloc.o ABSOLUTE
    ../clib/armsys.c                         0x00000000   Number         0  no_argv.o ABSOLUTE
    ../clib/armsys.c                         0x00000000   Number         0  argv_veneer.o ABSOLUTE
    ../clib/armsys.c                         0x00000000   Number         0  argv_veneer.o ABSOLUTE
    ../clib/bigflt.c                         0x00000000   Number         0  bigflt0.o ABSOLUTE
    ../clib/btod.s                           0x00000000   Number         0  btod.o ABSOLUTE
    ../clib/heapalloc.c                      0x00000000   Number         0  hrguard.o ABSOLUTE
    ../clib/heapaux.c                        0x00000000   Number         0  heapauxi.o ABSOLUTE
    ../clib/libinit.s                        0x00000000   Number         0  libinit.o ABSOLUTE
    ../clib/libinit.s                        0x00000000   Number         0  libinit2.o ABSOLUTE
    ../clib/libinit.s                        0x00000000   Number         0  libshutdown2.o ABSOLUTE
    ../clib/libinit.s                        0x00000000   Number         0  libshutdown.o ABSOLUTE
    ../clib/locale.s                         0x00000000   Number         0  lc_numeric_c.o ABSOLUTE
    ../clib/longlong.s                       0x00000000   Number         0  lludiv10.o ABSOLUTE
    ../clib/memcpset.s                       0x00000000   Number         0  strcmpv7m.o ABSOLUTE
    ../clib/misc.s                           0x00000000   Number         0  printf_stubs.o ABSOLUTE
    ../clib/printf.c                         0x00000000   Number         0  _printf_str.o ABSOLUTE
    ../clib/printf.c                         0x00000000   Number         0  __printf_flags.o ABSOLUTE
    ../clib/printf.c                         0x00000000   Number         0  _printf_pad.o ABSOLUTE
    ../clib/printf.c                         0x00000000   Number         0  __printf.o ABSOLUTE
    ../clib/printf.c                         0x00000000   Number         0  noretval__2sprintf.o ABSOLUTE
    ../clib/printf.c                         0x00000000   Number         0  noretval__2printf.o ABSOLUTE
    ../clib/printf.c                         0x00000000   Number         0  __2sprintf.o ABSOLUTE
    ../clib/printf.c                         0x00000000   Number         0  __2printf.o ABSOLUTE
    ../clib/printf.c                         0x00000000   Number         0  __printf_wp.o ABSOLUTE
    ../clib/printf.c                         0x00000000   Number         0  __printf_flags_ss.o ABSOLUTE
    ../clib/printf.c                         0x00000000   Number         0  __printf_flags_wp.o ABSOLUTE
    ../clib/printf.c                         0x00000000   Number         0  __printf_ss.o ABSOLUTE
    ../clib/printf.c                         0x00000000   Number         0  _printf_fp_dec.o ABSOLUTE
    ../clib/printf.c                         0x00000000   Number         0  __printf_ss_wp.o ABSOLUTE
    ../clib/printf.c                         0x00000000   Number         0  __printf_nopercent.o ABSOLUTE
    ../clib/printf.c                         0x00000000   Number         0  _sputc.o ABSOLUTE
    ../clib/printf.c                         0x00000000   Number         0  _printf_fp_infnan.o ABSOLUTE
    ../clib/printf.c                         0x00000000   Number         0  _printf_char.o ABSOLUTE
    ../clib/printf.c                         0x00000000   Number         0  __printf_flags_ss_wp.o ABSOLUTE
    ../clib/printf.c                         0x00000000   Number         0  _printf_char_file.o ABSOLUTE
    ../clib/printf.c                         0x00000000   Number         0  _printf_char_common.o ABSOLUTE
    ../clib/printf_percent.s                 0x00000000   Number         0  _printf_percent.o ABSOLUTE
    ../clib/printf_percent.s                 0x00000000   Number         0  _printf_percent_end.o ABSOLUTE
    ../clib/printf_percent.s                 0x00000000   Number         0  _printf_f.o ABSOLUTE
    ../clib/printf_percent.s                 0x00000000   Number         0  _printf_c.o ABSOLUTE
    ../clib/signal.c                         0x00000000   Number         0  defsig_fpe_inner.o ABSOLUTE
    ../clib/signal.c                         0x00000000   Number         0  defsig_rtmem_outer.o ABSOLUTE
    ../clib/signal.c                         0x00000000   Number         0  defsig_rtmem_formal.o ABSOLUTE
    ../clib/signal.c                         0x00000000   Number         0  defsig_other.o ABSOLUTE
    ../clib/signal.c                         0x00000000   Number         0  defsig_segv_inner.o ABSOLUTE
    ../clib/signal.c                         0x00000000   Number         0  defsig_cppl_inner.o ABSOLUTE
    ../clib/signal.c                         0x00000000   Number         0  defsig_pvfn_inner.o ABSOLUTE
    ../clib/signal.c                         0x00000000   Number         0  defsig_stak_inner.o ABSOLUTE
    ../clib/signal.c                         0x00000000   Number         0  defsig_rtred_inner.o ABSOLUTE
    ../clib/signal.c                         0x00000000   Number         0  defsig_abrt_inner.o ABSOLUTE
    ../clib/signal.c                         0x00000000   Number         0  defsig_general.o ABSOLUTE
    ../clib/signal.c                         0x00000000   Number         0  __raise.o ABSOLUTE
    ../clib/signal.c                         0x00000000   Number         0  defsig_rtmem_inner.o ABSOLUTE
    ../clib/signal.c                         0x00000000   Number         0  defsig_exit.o ABSOLUTE
    ../clib/signal.s                         0x00000000   Number         0  defsig.o ABSOLUTE
    ../clib/stdio.c                          0x00000000   Number         0  ferror_locked.o ABSOLUTE
    ../clib/stdio.c                          0x00000000   Number         0  ferror.o ABSOLUTE
    ../clib/stdlib.c                         0x00000000   Number         0  exit.o ABSOLUTE
    ../fplib/dretinf.s                       0x00000000   Number         0  dretinf.o ABSOLUTE
    ../fplib/f2d.s                           0x00000000   Number         0  f2d.o ABSOLUTE
    ../fplib/fnaninf.s                       0x00000000   Number         0  fnaninf.o ABSOLUTE
    ../fplib/fpinit.s                        0x00000000   Number         0  fpinit.o ABSOLUTE
    ../fplib/istatus.s                       0x00000000   Number         0  istatus.o ABSOLUTE
    ../fplib/printf1.s                       0x00000000   Number         0  printf1.o ABSOLUTE
    ../fplib/usenofp.s                       0x00000000   Number         0  usenofp.o ABSOLUTE
    ../mathlib/fpclassify.c                  0x00000000   Number         0  fpclassify.o ABSOLUTE
    ..\Libraries\CMSIS\Device\ST\STM32F4xx\Source\Templates\arm\startup_stm32f4xx.s 0x00000000   Number         0  startup_stm32f4xx.o ABSOLUTE
    ..\Libraries\CMSIS\Device\ST\STM32F4xx\Source\Templates\system_stm32f4xx.c 0x00000000   Number         0  system_stm32f4xx.o ABSOLUTE
    ..\Libraries\STM32F4xx_StdPeriph_Driver\src\misc.c 0x00000000   Number         0  misc.o ABSOLUTE
    ..\Libraries\STM32F4xx_StdPeriph_Driver\src\stm32f4xx_fsmc.c 0x00000000   Number         0  stm32f4xx_fsmc.o ABSOLUTE
    ..\Libraries\STM32F4xx_StdPeriph_Driver\src\stm32f4xx_gpio.c 0x00000000   Number         0  stm32f4xx_gpio.o ABSOLUTE
    ..\Libraries\STM32F4xx_StdPeriph_Driver\src\stm32f4xx_rcc.c 0x00000000   Number         0  stm32f4xx_rcc.o ABSOLUTE
    ..\Libraries\STM32F4xx_StdPeriph_Driver\src\stm32f4xx_spi.c 0x00000000   Number         0  stm32f4xx_spi.o ABSOLUTE
    ..\Libraries\STM32F4xx_StdPeriph_Driver\src\stm32f4xx_usart.c 0x00000000   Number         0  stm32f4xx_usart.o ABSOLUTE
    ..\User\18B20.c                          0x00000000   Number         0  18b20.o ABSOLUTE
    ..\User\LCD28\LCD_Driver.c               0x00000000   Number         0  lcd_driver.o ABSOLUTE
    ..\User\LCD28\LCD_lib.c                  0x00000000   Number         0  lcd_lib.o ABSOLUTE
    ..\User\OneWire.c                        0x00000000   Number         0  onewire.o ABSOLUTE
    ..\User\SysTick\stm32f10x_systick.c      0x00000000   Number         0  stm32f10x_systick.o ABSOLUTE
    ..\User\SysTick\systick.c                0x00000000   Number         0  systick.o ABSOLUTE
    ..\User\User_systick.c                   0x00000000   Number         0  user_systick.o ABSOLUTE
    ..\User\main.c                           0x00000000   Number         0  main.o ABSOLUTE
    ..\User\stm32f4xx_it.c                   0x00000000   Number         0  stm32f4xx_it.o ABSOLUTE
    ..\User\usart.c                          0x00000000   Number         0  usart.o ABSOLUTE
    ..\\Libraries\\CMSIS\\Device\\ST\\STM32F4xx\\Source\\Templates\\system_stm32f4xx.c 0x00000000   Number         0  system_stm32f4xx.o ABSOLUTE
    ..\\Libraries\\STM32F4xx_StdPeriph_Driver\\src\\misc.c 0x00000000   Number         0  misc.o ABSOLUTE
    ..\\Libraries\\STM32F4xx_StdPeriph_Driver\\src\\stm32f4xx_fsmc.c 0x00000000   Number         0  stm32f4xx_fsmc.o ABSOLUTE
    ..\\Libraries\\STM32F4xx_StdPeriph_Driver\\src\\stm32f4xx_gpio.c 0x00000000   Number         0  stm32f4xx_gpio.o ABSOLUTE
    ..\\Libraries\\STM32F4xx_StdPeriph_Driver\\src\\stm32f4xx_rcc.c 0x00000000   Number         0  stm32f4xx_rcc.o ABSOLUTE
    ..\\Libraries\\STM32F4xx_StdPeriph_Driver\\src\\stm32f4xx_spi.c 0x00000000   Number         0  stm32f4xx_spi.o ABSOLUTE
    ..\\Libraries\\STM32F4xx_StdPeriph_Driver\\src\\stm32f4xx_usart.c 0x00000000   Number         0  stm32f4xx_usart.o ABSOLUTE
    ..\\User\\18B20.c                        0x00000000   Number         0  18b20.o ABSOLUTE
    ..\\User\\LCD28\\LCD_Driver.c            0x00000000   Number         0  lcd_driver.o ABSOLUTE
    ..\\User\\OneWire.c                      0x00000000   Number         0  onewire.o ABSOLUTE
    ..\\User\\SysTick\\stm32f10x_systick.c   0x00000000   Number         0  stm32f10x_systick.o ABSOLUTE
    ..\\User\\SysTick\\systick.c             0x00000000   Number         0  systick.o ABSOLUTE
    ..\\User\\User_systick.c                 0x00000000   Number         0  user_systick.o ABSOLUTE
    ..\\User\\main.c                         0x00000000   Number         0  main.o ABSOLUTE
    ..\\User\\stm32f4xx_it.c                 0x00000000   Number         0  stm32f4xx_it.o ABSOLUTE
    ..\\User\\usart.c                        0x00000000   Number         0  usart.o ABSOLUTE
    dc.s                                     0x00000000   Number         0  dc.o ABSOLUTE
    RESET                                    0x08000000   Section      392  startup_stm32f4xx.o(RESET)
    !!!main                                  0x08000188   Section        8  __main.o(!!!main)
    !!!scatter                               0x08000190   Section       52  __scatter.o(!!!scatter)
    !!handler_copy                           0x080001c4   Section       26  __scatter_copy.o(!!handler_copy)
    !!handler_zi                             0x080001e0   Section       28  __scatter_zi.o(!!handler_zi)
    .ARM.Collect$$_printf_percent$$00000000  0x080001fc   Section        0  _printf_percent.o(.ARM.Collect$$_printf_percent$$00000000)
    .ARM.Collect$$_printf_percent$$00000003  0x080001fc   Section        6  _printf_f.o(.ARM.Collect$$_printf_percent$$00000003)
    .ARM.Collect$$_printf_percent$$00000013  0x08000202   Section        6  _printf_c.o(.ARM.Collect$$_printf_percent$$00000013)
    .ARM.Collect$$_printf_percent$$00000017  0x08000208   Section        4  _printf_percent_end.o(.ARM.Collect$$_printf_percent$$00000017)
    .ARM.Collect$$libinit$$00000000          0x0800020c   Section        2  libinit.o(.ARM.Collect$$libinit$$00000000)
    .ARM.Collect$$libinit$$00000001          0x0800020e   Section        4  libinit2.o(.ARM.Collect$$libinit$$00000001)
    .ARM.Collect$$libinit$$00000004          0x08000212   Section        0  libinit2.o(.ARM.Collect$$libinit$$00000004)
    .ARM.Collect$$libinit$$0000000A          0x08000212   Section        0  libinit2.o(.ARM.Collect$$libinit$$0000000A)
    .ARM.Collect$$libinit$$0000000C          0x08000212   Section        0  libinit2.o(.ARM.Collect$$libinit$$0000000C)
    .ARM.Collect$$libinit$$0000000E          0x08000212   Section        0  libinit2.o(.ARM.Collect$$libinit$$0000000E)
    .ARM.Collect$$libinit$$0000000F          0x08000212   Section        6  libinit2.o(.ARM.Collect$$libinit$$0000000F)
    .ARM.Collect$$libinit$$00000011          0x08000218   Section        0  libinit2.o(.ARM.Collect$$libinit$$00000011)
    .ARM.Collect$$libinit$$00000013          0x08000218   Section        0  libinit2.o(.ARM.Collect$$libinit$$00000013)
    .ARM.Collect$$libinit$$00000015          0x08000218   Section        0  libinit2.o(.ARM.Collect$$libinit$$00000015)
    .ARM.Collect$$libinit$$00000016          0x08000218   Section       10  libinit2.o(.ARM.Collect$$libinit$$00000016)
    .ARM.Collect$$libinit$$00000017          0x08000222   Section        0  libinit2.o(.ARM.Collect$$libinit$$00000017)
    .ARM.Collect$$libinit$$00000019          0x08000222   Section        0  libinit2.o(.ARM.Collect$$libinit$$00000019)
    .ARM.Collect$$libinit$$0000001B          0x08000222   Section        0  libinit2.o(.ARM.Collect$$libinit$$0000001B)
    .ARM.Collect$$libinit$$0000001D          0x08000222   Section        0  libinit2.o(.ARM.Collect$$libinit$$0000001D)
    .ARM.Collect$$libinit$$0000001F          0x08000222   Section        0  libinit2.o(.ARM.Collect$$libinit$$0000001F)
    .ARM.Collect$$libinit$$00000021          0x08000222   Section        0  libinit2.o(.ARM.Collect$$libinit$$00000021)
    .ARM.Collect$$libinit$$00000023          0x08000222   Section        0  libinit2.o(.ARM.Collect$$libinit$$00000023)
    .ARM.Collect$$libinit$$00000025          0x08000222   Section        0  libinit2.o(.ARM.Collect$$libinit$$00000025)
    .ARM.Collect$$libinit$$0000002C          0x08000222   Section        0  libinit2.o(.ARM.Collect$$libinit$$0000002C)
    .ARM.Collect$$libinit$$0000002E          0x08000222   Section        0  libinit2.o(.ARM.Collect$$libinit$$0000002E)
    .ARM.Collect$$libinit$$00000030          0x08000222   Section        0  libinit2.o(.ARM.Collect$$libinit$$00000030)
    .ARM.Collect$$libinit$$00000032          0x08000222   Section        0  libinit2.o(.ARM.Collect$$libinit$$00000032)
    .ARM.Collect$$libinit$$00000033          0x08000222   Section        2  libinit2.o(.ARM.Collect$$libinit$$00000033)
    .ARM.Collect$$libshutdown$$00000000      0x08000224   Section        2  libshutdown.o(.ARM.Collect$$libshutdown$$00000000)
    .ARM.Collect$$libshutdown$$00000002      0x08000226   Section        0  libshutdown2.o(.ARM.Collect$$libshutdown$$00000002)
    .ARM.Collect$$libshutdown$$00000004      0x08000226   Section        0  libshutdown2.o(.ARM.Collect$$libshutdown$$00000004)
    .ARM.Collect$$libshutdown$$00000007      0x08000226   Section        0  libshutdown2.o(.ARM.Collect$$libshutdown$$00000007)
    .ARM.Collect$$libshutdown$$0000000A      0x08000226   Section        0  libshutdown2.o(.ARM.Collect$$libshutdown$$0000000A)
    .ARM.Collect$$libshutdown$$0000000C      0x08000226   Section        0  libshutdown2.o(.ARM.Collect$$libshutdown$$0000000C)
    .ARM.Collect$$libshutdown$$0000000F      0x08000226   Section        0  libshutdown2.o(.ARM.Collect$$libshutdown$$0000000F)
    .ARM.Collect$$libshutdown$$00000010      0x08000226   Section        2  libshutdown2.o(.ARM.Collect$$libshutdown$$00000010)
    .ARM.Collect$$rtentry$$00000000          0x08000228   Section        0  __rtentry.o(.ARM.Collect$$rtentry$$00000000)
    .ARM.Collect$$rtentry$$00000002          0x08000228   Section        0  __rtentry2.o(.ARM.Collect$$rtentry$$00000002)
    .ARM.Collect$$rtentry$$00000004          0x08000228   Section        6  __rtentry4.o(.ARM.Collect$$rtentry$$00000004)
    .ARM.Collect$$rtentry$$00000009          0x0800022e   Section        0  __rtentry2.o(.ARM.Collect$$rtentry$$00000009)
    .ARM.Collect$$rtentry$$0000000A          0x0800022e   Section        4  __rtentry2.o(.ARM.Collect$$rtentry$$0000000A)
    .ARM.Collect$$rtentry$$0000000C          0x08000232   Section        0  __rtentry2.o(.ARM.Collect$$rtentry$$0000000C)
    .ARM.Collect$$rtentry$$0000000D          0x08000232   Section        8  __rtentry2.o(.ARM.Collect$$rtentry$$0000000D)
    .ARM.Collect$$rtexit$$00000000           0x0800023a   Section        2  rtexit.o(.ARM.Collect$$rtexit$$00000000)
    .ARM.Collect$$rtexit$$00000002           0x0800023c   Section        0  rtexit2.o(.ARM.Collect$$rtexit$$00000002)
    .ARM.Collect$$rtexit$$00000003           0x0800023c   Section        4  rtexit2.o(.ARM.Collect$$rtexit$$00000003)
    .ARM.Collect$$rtexit$$00000004           0x08000240   Section        6  rtexit2.o(.ARM.Collect$$rtexit$$00000004)
    .text                                    0x08000248   Section        0  main.o(.text)
    .text                                    0x08000330   Section        0  usart.o(.text)
    .text                                    0x0800041c   Section        0  stm32f4xx_it.o(.text)
    .text                                    0x08000494   Section        0  user_systick.o(.text)
    SysTick_Config                           0x08000495   Thumb Code    42  user_systick.o(.text)
    .text                                    0x08000514   Section        0  lcd_driver.o(.text)
    .text                                    0x08000fe2   Section        0  stm32f10x_systick.o(.text)
    .text                                    0x08001050   Section        0  systick.o(.text)
    .text                                    0x080010fc   Section        0  18b20.o(.text)
    .text                                    0x080011b0   Section        0  onewire.o(.text)
    .text                                    0x08001374   Section       64  startup_stm32f4xx.o(.text)
    $v0                                      0x08001374   Number         0  startup_stm32f4xx.o(.text)
    .text                                    0x080013b4   Section        0  misc.o(.text)
    .text                                    0x08001464   Section        0  stm32f4xx_gpio.o(.text)
    .text                                    0x08001650   Section        0  stm32f4xx_rcc.o(.text)
    .text                                    0x08001a20   Section        0  stm32f4xx_usart.o(.text)
    .text                                    0x08001d58   Section        0  stm32f4xx_spi.o(.text)
    .text                                    0x08002048   Section        0  system_stm32f4xx.o(.text)
    SetSysClock                              0x08002049   Thumb Code   162  system_stm32f4xx.o(.text)
    .text                                    0x080021c4   Section        2  use_no_semi_2.o(.text)
    .text                                    0x080021c8   Section        0  noretval__2printf.o(.text)
    .text                                    0x080021e0   Section        0  noretval__2sprintf.o(.text)
    .text                                    0x08002208   Section        0  _printf_pad.o(.text)
    .text                                    0x08002256   Section        0  _printf_str.o(.text)
    .text                                    0x080022a8   Section        0  __printf_wp.o(.text)
    .text                                    0x080023b6   Section        0  heapauxi.o(.text)
    .text                                    0x080023bc   Section        2  use_no_semi.o(.text)
    .text                                    0x080023be   Section        0  _printf_fp_dec.o(.text)
    _fp_digits                               0x080023c1   Thumb Code   428  _printf_fp_dec.o(.text)
    .text                                    0x080027d8   Section        0  _printf_char_common.o(.text)
    _printf_input_char                       0x080027d9   Thumb Code    10  _printf_char_common.o(.text)
    .text                                    0x08002808   Section        0  _sputc.o(.text)
    .text                                    0x08002812   Section        0  _printf_char.o(.text)
    .text                                    0x08002840   Section        0  _printf_char_file.o(.text)
    .text                                    0x08002864   Section        8  rt_locale_intlibspace.o(.text)
    .text                                    0x0800286c   Section      138  lludiv10.o(.text)
    .text                                    0x080028f8   Section        0  _printf_fp_infnan.o(.text)
    .text                                    0x08002978   Section        0  bigflt0.o(.text)
    .text                                    0x08002a54   Section        0  ferror.o(.text)
    .text                                    0x08002a5c   Section        8  libspace.o(.text)
    .text                                    0x08002a64   Section       74  sys_stackheap_outer.o(.text)
    .text                                    0x08002aae   Section        0  exit.o(.text)
    .text                                    0x08002ac0   Section      128  strcmpv7m.o(.text)
    CL$$btod_d2e                             0x08002b40   Section       62  btod.o(CL$$btod_d2e)
    CL$$btod_d2e_denorm_low                  0x08002b7e   Section       70  btod.o(CL$$btod_d2e_denorm_low)
    CL$$btod_d2e_norm_op1                    0x08002bc4   Section       96  btod.o(CL$$btod_d2e_norm_op1)
    CL$$btod_div_common                      0x08002c24   Section      824  btod.o(CL$$btod_div_common)
    CL$$btod_e2e                             0x08002f5c   Section      198  btod.o(CL$$btod_e2e)
    CL$$btod_ediv                            0x08003022   Section       40  btod.o(CL$$btod_ediv)
    CL$$btod_emul                            0x0800304a   Section       40  btod.o(CL$$btod_emul)
    CL$$btod_mult_common                     0x08003072   Section      580  btod.o(CL$$btod_mult_common)
    i.__ARM_fpclassify                       0x080032b6   Section        0  fpclassify.o(i.__ARM_fpclassify)
    i._is_digit                              0x080032e6   Section        0  __printf_wp.o(i._is_digit)
    locale$$code                             0x080032f4   Section       44  lc_numeric_c.o(locale$$code)
    x$fpl$dretinf                            0x08003320   Section       12  dretinf.o(x$fpl$dretinf)
    $v0                                      0x08003320   Number         0  dretinf.o(x$fpl$dretinf)
    x$fpl$f2d                                0x0800332c   Section       86  f2d.o(x$fpl$f2d)
    $v0                                      0x0800332c   Number         0  f2d.o(x$fpl$f2d)
    x$fpl$fnaninf                            0x08003382   Section      140  fnaninf.o(x$fpl$fnaninf)
    $v0                                      0x08003382   Number         0  fnaninf.o(x$fpl$fnaninf)
    x$fpl$fpinit                             0x0800340e   Section       10  fpinit.o(x$fpl$fpinit)
    $v0                                      0x0800340e   Number         0  fpinit.o(x$fpl$fpinit)
    x$fpl$printf1                            0x08003418   Section        4  printf1.o(x$fpl$printf1)
    $v0                                      0x08003418   Number         0  printf1.o(x$fpl$printf1)
    .constdata                               0x0800341c   Section     1140  lcd_lib.o(.constdata)
    x$fpl$usenofp                            0x0800341c   Section        0  usenofp.o(x$fpl$usenofp)
    .constdata                               0x08003890   Section     1520  lcd_lib.o(.constdata)
    .constdata                               0x08003e80   Section      224  lcd_lib.o(.constdata)
    .constdata                               0x08003f60   Section      148  bigflt0.o(.constdata)
    tenpwrs_x                                0x08003f60   Data          60  bigflt0.o(.constdata)
    tenpwrs_i                                0x08003f9c   Data          64  bigflt0.o(.constdata)
    locale$$data                             0x08004014   Section       28  lc_numeric_c.o(locale$$data)
    __lcnum_c_name                           0x08004018   Data           2  lc_numeric_c.o(locale$$data)
    __lcnum_c_start                          0x08004020   Data           0  lc_numeric_c.o(locale$$data)
    __lcnum_c_point                          0x0800402c   Data           0  lc_numeric_c.o(locale$$data)
    __lcnum_c_thousands                      0x0800402e   Data           0  lc_numeric_c.o(locale$$data)
    __lcnum_c_grouping                       0x0800402f   Data           0  lc_numeric_c.o(locale$$data)
    __lcnum_c_end                            0x08004030   Data           0  lc_numeric_c.o(locale$$data)
    .data                                    0x20000000   Section        4  usart.o(.data)
    .data                                    0x20000004   Section        4  user_systick.o(.data)
    TimingDelay                              0x20000004   Data           4  user_systick.o(.data)
    .data                                    0x20000008   Section        4  systick.o(.data)
    delay_fac_us                             0x20000008   Data           1  systick.o(.data)
    Status                                   0x20000009   Data           1  systick.o(.data)
    delay_fac_ms                             0x2000000a   Data           2  systick.o(.data)
    .data                                    0x2000000c   Section       16  stm32f4xx_rcc.o(.data)
    APBAHBPrescTable                         0x2000000c   Data          16  stm32f4xx_rcc.o(.data)
    .data                                    0x2000001c   Section       20  system_stm32f4xx.o(.data)
    .bss                                     0x20000030   Section       96  libspace.o(.bss)
    HEAP                                     0x20000090   Section      512  startup_stm32f4xx.o(HEAP)
    Heap_Mem                                 0x20000090   Data         512  startup_stm32f4xx.o(HEAP)
    STACK                                    0x20000290   Section     1024  startup_stm32f4xx.o(STACK)
    Stack_Mem                                0x20000290   Data        1024  startup_stm32f4xx.o(STACK)
    __initial_sp                             0x20000690   Data           0  startup_stm32f4xx.o(STACK)

    Global Symbols

    Symbol Name                              Value     Ov Type        Size  Object(Section)

    BuildAttributes$$THM_ISAv4$E$P$D$K$B$S$7EM$VFPi3$EXTD16$VFPS$VFMA$PE$A:L22UL41UL21$X:L11$S22US41US21$IEEE1$IW$USESV6$~STKCKD$USESV7$~SHL$OTIME$ROPI$IEEEJ$EBA8$UX$STANDARDLIB$REQ8$PRES8$EABIv2 0x00000000   Number         0  anon$$obj.o ABSOLUTE
    __ARM_use_no_argv                        0x00000000   Number         0  main.o ABSOLUTE
    _printf_flags                            0x00000000   Number         0  printf_stubs.o ABSOLUTE
    _printf_return_value                     0x00000000   Number         0  printf_stubs.o ABSOLUTE
    _printf_sizespec                         0x00000000   Number         0  printf_stubs.o ABSOLUTE
    _printf_widthprec                        0x00000000   Number         0  printf_stubs.o ABSOLUTE
    __ARM_exceptions_init                     - Undefined Weak Reference
    __alloca_initialize                       - Undefined Weak Reference
    __arm_preinit_                            - Undefined Weak Reference
    __cpp_initialize__aeabi_                  - Undefined Weak Reference
    __cxa_finalize                            - Undefined Weak Reference
    __sigvec_lookup                           - Undefined Weak Reference
    _atexit_init                              - Undefined Weak Reference
    _call_atexit_fns                          - Undefined Weak Reference
    _clock_init                               - Undefined Weak Reference
    _fp_trap_init                             - Undefined Weak Reference
    _fp_trap_shutdown                         - Undefined Weak Reference
    _get_lc_collate                           - Undefined Weak Reference
    _get_lc_ctype                             - Undefined Weak Reference
    _get_lc_monetary                          - Undefined Weak Reference
    _get_lc_time                              - Undefined Weak Reference
    _getenv_init                              - Undefined Weak Reference
    _handle_redirection                       - Undefined Weak Reference
    _init_alloc                               - Undefined Weak Reference
    _init_user_alloc                          - Undefined Weak Reference
    _initio                                   - Undefined Weak Reference
    _mutex_acquire                            - Undefined Weak Reference
    _mutex_release                            - Undefined Weak Reference
    _printf_mbtowc                            - Undefined Weak Reference
    _rand_init                                - Undefined Weak Reference
    _signal_finish                            - Undefined Weak Reference
    _signal_init                              - Undefined Weak Reference
    _terminate_alloc                          - Undefined Weak Reference
    _terminate_user_alloc                     - Undefined Weak Reference
    _terminateio                              - Undefined Weak Reference
    __Vectors_Size                           0x00000188   Number         0  startup_stm32f4xx.o ABSOLUTE
    __Vectors                                0x08000000   Data           4  startup_stm32f4xx.o(RESET)
    __Vectors_End                            0x08000188   Data           0  startup_stm32f4xx.o(RESET)
    __main                                   0x08000189   Thumb Code     8  __main.o(!!!main)
    __scatterload                            0x08000191   Thumb Code     0  __scatter.o(!!!scatter)
    __scatterload_rt2                        0x08000191   Thumb Code    44  __scatter.o(!!!scatter)
    __scatterload_rt2_thumb_only             0x08000191   Thumb Code     0  __scatter.o(!!!scatter)
    __scatterload_null                       0x0800019f   Thumb Code     0  __scatter.o(!!!scatter)
    __scatterload_copy                       0x080001c5   Thumb Code    26  __scatter_copy.o(!!handler_copy)
    __scatterload_zeroinit                   0x080001e1   Thumb Code    28  __scatter_zi.o(!!handler_zi)
    _printf_f                                0x080001fd   Thumb Code     0  _printf_f.o(.ARM.Collect$$_printf_percent$$00000003)
    _printf_percent                          0x080001fd   Thumb Code     0  _printf_percent.o(.ARM.Collect$$_printf_percent$$00000000)
    _printf_c                                0x08000203   Thumb Code     0  _printf_c.o(.ARM.Collect$$_printf_percent$$00000013)
    _printf_percent_end                      0x08000209   Thumb Code     0  _printf_percent_end.o(.ARM.Collect$$_printf_percent$$00000017)
    __rt_lib_init                            0x0800020d   Thumb Code     0  libinit.o(.ARM.Collect$$libinit$$00000000)
    __rt_lib_init_fp_1                       0x0800020f   Thumb Code     0  libinit2.o(.ARM.Collect$$libinit$$00000001)
    __rt_lib_init_heap_1                     0x08000213   Thumb Code     0  libinit2.o(.ARM.Collect$$libinit$$0000000A)
    __rt_lib_init_lc_common                  0x08000213   Thumb Code     0  libinit2.o(.ARM.Collect$$libinit$$0000000F)
    __rt_lib_init_preinit_1                  0x08000213   Thumb Code     0  libinit2.o(.ARM.Collect$$libinit$$00000004)
    __rt_lib_init_rand_1                     0x08000213   Thumb Code     0  libinit2.o(.ARM.Collect$$libinit$$0000000E)
    __rt_lib_init_user_alloc_1               0x08000213   Thumb Code     0  libinit2.o(.ARM.Collect$$libinit$$0000000C)
    __rt_lib_init_lc_collate_1               0x08000219   Thumb Code     0  libinit2.o(.ARM.Collect$$libinit$$00000011)
    __rt_lib_init_lc_ctype_1                 0x08000219   Thumb Code     0  libinit2.o(.ARM.Collect$$libinit$$00000013)
    __rt_lib_init_lc_monetary_1              0x08000219   Thumb Code     0  libinit2.o(.ARM.Collect$$libinit$$00000015)
    __rt_lib_init_lc_numeric_2               0x08000219   Thumb Code     0  libinit2.o(.ARM.Collect$$libinit$$00000016)
    __rt_lib_init_alloca_1                   0x08000223   Thumb Code     0  libinit2.o(.ARM.Collect$$libinit$$0000002E)
    __rt_lib_init_argv_1                     0x08000223   Thumb Code     0  libinit2.o(.ARM.Collect$$libinit$$0000002C)
    __rt_lib_init_atexit_1                   0x08000223   Thumb Code     0  libinit2.o(.ARM.Collect$$libinit$$0000001B)
    __rt_lib_init_clock_1                    0x08000223   Thumb Code     0  libinit2.o(.ARM.Collect$$libinit$$00000021)
    __rt_lib_init_cpp_1                      0x08000223   Thumb Code     0  libinit2.o(.ARM.Collect$$libinit$$00000032)
    __rt_lib_init_exceptions_1               0x08000223   Thumb Code     0  libinit2.o(.ARM.Collect$$libinit$$00000030)
    __rt_lib_init_fp_trap_1                  0x08000223   Thumb Code     0  libinit2.o(.ARM.Collect$$libinit$$0000001F)
    __rt_lib_init_getenv_1                   0x08000223   Thumb Code     0  libinit2.o(.ARM.Collect$$libinit$$00000023)
    __rt_lib_init_lc_numeric_1               0x08000223   Thumb Code     0  libinit2.o(.ARM.Collect$$libinit$$00000017)
    __rt_lib_init_lc_time_1                  0x08000223   Thumb Code     0  libinit2.o(.ARM.Collect$$libinit$$00000019)
    __rt_lib_init_return                     0x08000223   Thumb Code     0  libinit2.o(.ARM.Collect$$libinit$$00000033)
    __rt_lib_init_signal_1                   0x08000223   Thumb Code     0  libinit2.o(.ARM.Collect$$libinit$$0000001D)
    __rt_lib_init_stdio_1                    0x08000223   Thumb Code     0  libinit2.o(.ARM.Collect$$libinit$$00000025)
    __rt_lib_shutdown                        0x08000225   Thumb Code     0  libshutdown.o(.ARM.Collect$$libshutdown$$00000000)
    __rt_lib_shutdown_cpp_1                  0x08000227   Thumb Code     0  libshutdown2.o(.ARM.Collect$$libshutdown$$00000002)
    __rt_lib_shutdown_fp_trap_1              0x08000227   Thumb Code     0  libshutdown2.o(.ARM.Collect$$libshutdown$$00000007)
    __rt_lib_shutdown_heap_1                 0x08000227   Thumb Code     0  libshutdown2.o(.ARM.Collect$$libshutdown$$0000000F)
    __rt_lib_shutdown_return                 0x08000227   Thumb Code     0  libshutdown2.o(.ARM.Collect$$libshutdown$$00000010)
    __rt_lib_shutdown_signal_1               0x08000227   Thumb Code     0  libshutdown2.o(.ARM.Collect$$libshutdown$$0000000A)
    __rt_lib_shutdown_stdio_1                0x08000227   Thumb Code     0  libshutdown2.o(.ARM.Collect$$libshutdown$$00000004)
    __rt_lib_shutdown_user_alloc_1           0x08000227   Thumb Code     0  libshutdown2.o(.ARM.Collect$$libshutdown$$0000000C)
    __rt_entry                               0x08000229   Thumb Code     0  __rtentry.o(.ARM.Collect$$rtentry$$00000000)
    __rt_entry_presh_1                       0x08000229   Thumb Code     0  __rtentry2.o(.ARM.Collect$$rtentry$$00000002)
    __rt_entry_sh                            0x08000229   Thumb Code     0  __rtentry4.o(.ARM.Collect$$rtentry$$00000004)
    __rt_entry_li                            0x0800022f   Thumb Code     0  __rtentry2.o(.ARM.Collect$$rtentry$$0000000A)
    __rt_entry_postsh_1                      0x0800022f   Thumb Code     0  __rtentry2.o(.ARM.Collect$$rtentry$$00000009)
    __rt_entry_main                          0x08000233   Thumb Code     0  __rtentry2.o(.ARM.Collect$$rtentry$$0000000D)
    __rt_entry_postli_1                      0x08000233   Thumb Code     0  __rtentry2.o(.ARM.Collect$$rtentry$$0000000C)
    __rt_exit                                0x0800023b   Thumb Code     0  rtexit.o(.ARM.Collect$$rtexit$$00000000)
    __rt_exit_ls                             0x0800023d   Thumb Code     0  rtexit2.o(.ARM.Collect$$rtexit$$00000003)
    __rt_exit_prels_1                        0x0800023d   Thumb Code     0  rtexit2.o(.ARM.Collect$$rtexit$$00000002)
    __rt_exit_exit                           0x08000241   Thumb Code     0  rtexit2.o(.ARM.Collect$$rtexit$$00000004)
    Delay                                    0x08000249   Thumb Code    10  main.o(.text)
    main                                     0x08000253   Thumb Code   152  main.o(.text)
    USART_Configuration                      0x08000331   Thumb Code   160  usart.o(.text)
    USART_NVIC_Config                        0x080003d1   Thumb Code    32  usart.o(.text)
    _sys_exit                                0x080003f1   Thumb Code     2  usart.o(.text)
    fputc                                    0x080003f3   Thumb Code    30  usart.o(.text)
    NMI_Handler                              0x0800041d   Thumb Code     2  stm32f4xx_it.o(.text)
    HardFault_Handler                        0x0800041f   Thumb Code     2  stm32f4xx_it.o(.text)
    MemManage_Handler                        0x08000421   Thumb Code     2  stm32f4xx_it.o(.text)
    BusFault_Handler                         0x08000423   Thumb Code     2  stm32f4xx_it.o(.text)
    UsageFault_Handler                       0x08000425   Thumb Code     2  stm32f4xx_it.o(.text)
    SVC_Handler                              0x08000427   Thumb Code     2  stm32f4xx_it.o(.text)
    DebugMon_Handler                         0x08000429   Thumb Code     2  stm32f4xx_it.o(.text)
    PendSV_Handler                           0x0800042b   Thumb Code     2  stm32f4xx_it.o(.text)
    SysTick_Handler                          0x0800042d   Thumb Code     4  stm32f4xx_it.o(.text)
    USART1_IRQHandler                        0x08000431   Thumb Code    38  stm32f4xx_it.o(.text)
    delay_1ms                                0x080004bf   Thumb Code    32  user_systick.o(.text)
    delay_10us                               0x080004df   Thumb Code    30  user_systick.o(.text)
    TimingDelay_Decrement                    0x080004fd   Thumb Code    16  user_systick.o(.text)
    spi_init                                 0x08000515   Thumb Code   190  lcd_driver.o(.text)
    spi1_communication                       0x080005d3   Thumb Code    90  lcd_driver.o(.text)
    lcd_write_byte                           0x0800062d   Thumb Code    54  lcd_driver.o(.text)
    lcd_write_word                           0x08000663   Thumb Code    48  lcd_driver.o(.text)
    lcd_write_command                        0x08000693   Thumb Code    20  lcd_driver.o(.text)
    lcd_ctrl_port_init                       0x080006a7   Thumb Code    78  lcd_driver.o(.text)
    delay_ms                                 0x080006f5   Thumb Code    20  lcd_driver.o(.text)
    lcd_clear_screen                         0x08000709   Thumb Code   152  lcd_driver.o(.text)
    lcd_init                                 0x080007a1   Thumb Code   532  lcd_driver.o(.text)
    lcd_clear_screen1                        0x080009b5   Thumb Code   120  lcd_driver.o(.text)
    lcd_set_cursor                           0x08000a2d   Thumb Code    68  lcd_driver.o(.text)
    lcd_draw_dot                             0x08000a71   Thumb Code    36  lcd_driver.o(.text)
    lcd_display_char                         0x08000a95   Thumb Code   240  lcd_driver.o(.text)
    lcd_display_string                       0x08000b85   Thumb Code    94  lcd_driver.o(.text)
    lcd_display_GB2312                       0x08000be3   Thumb Code   120  lcd_driver.o(.text)
    lcd_draw_bigdot                          0x08000c5b   Thumb Code   126  lcd_driver.o(.text)
    lcd_display_num                          0x08000cd9   Thumb Code   144  lcd_driver.o(.text)
    lcd_draw_line                            0x08000d69   Thumb Code   130  lcd_driver.o(.text)
    lcd_draw_circle                          0x08000deb   Thumb Code   166  lcd_driver.o(.text)
    lcd_fill_rect                            0x08000e91   Thumb Code    68  lcd_driver.o(.text)
    lcd_draw_v_line                          0x08000ed5   Thumb Code    58  lcd_driver.o(.text)
    lcd_draw_h_line                          0x08000f0f   Thumb Code    52  lcd_driver.o(.text)
    lcd_draw_rect                            0x08000f43   Thumb Code    78  lcd_driver.o(.text)
    lcd_clear_Rect                           0x08000f91   Thumb Code    82  lcd_driver.o(.text)
    SysTick_SetReload                        0x08000fe3   Thumb Code     8  stm32f10x_systick.o(.text)
    SysTick_CounterCmd                       0x08000feb   Thumb Code    36  stm32f10x_systick.o(.text)
    SysTick_ITConfig                         0x0800100f   Thumb Code    24  stm32f10x_systick.o(.text)
    SysTick_GetCounter                       0x08001027   Thumb Code     8  stm32f10x_systick.o(.text)
    SysTick_GetFlagStatus                    0x0800102f   Thumb Code    32  stm32f10x_systick.o(.text)
    delay_init                               0x08001051   Thumb Code    48  systick.o(.text)
    delay_us                                 0x08001081   Thumb Code    52  systick.o(.text)
    _delay_ms                                0x080010b5   Thumb Code    62  systick.o(.text)
    convertDs18b20                           0x080010fd   Thumb Code    22  18b20.o(.text)
    readID                                   0x08001113   Thumb Code    34  18b20.o(.text)
    readTemp                                 0x08001135   Thumb Code   116  18b20.o(.text)
    Onewire_Enable_GPIO_Port                 0x080011b1   Thumb Code     8  onewire.o(.text)
    Onewire_OUT_PULL_UP                      0x080011b9   Thumb Code    36  onewire.o(.text)
    Onewire_OUT_FLOATING                     0x080011dd   Thumb Code    34  onewire.o(.text)
    Onewire_IN_FLOATING                      0x080011ff   Thumb Code    36  onewire.o(.text)
    Onewire_IN_PULL_UP                       0x08001223   Thumb Code    36  onewire.o(.text)
    resetOnewire                             0x08001247   Thumb Code    76  onewire.o(.text)
    DS18B20_Start                            0x08001293   Thumb Code    62  onewire.o(.text)
    rOnewire                                 0x080012d1   Thumb Code    74  onewire.o(.text)
    wOnewire                                 0x0800131b   Thumb Code    84  onewire.o(.text)
    Reset_Handler                            0x08001375   Thumb Code     8  startup_stm32f4xx.o(.text)
    ADC_IRQHandler                           0x0800138f   Thumb Code     0  startup_stm32f4xx.o(.text)
    CAN1_RX0_IRQHandler                      0x0800138f   Thumb Code     0  startup_stm32f4xx.o(.text)
    CAN1_RX1_IRQHandler                      0x0800138f   Thumb Code     0  startup_stm32f4xx.o(.text)
    CAN1_SCE_IRQHandler                      0x0800138f   Thumb Code     0  startup_stm32f4xx.o(.text)
    CAN1_TX_IRQHandler                       0x0800138f   Thumb Code     0  startup_stm32f4xx.o(.text)
    CAN2_RX0_IRQHandler                      0x0800138f   Thumb Code     0  startup_stm32f4xx.o(.text)
    CAN2_RX1_IRQHandler                      0x0800138f   Thumb Code     0  startup_stm32f4xx.o(.text)
    CAN2_SCE_IRQHandler                      0x0800138f   Thumb Code     0  startup_stm32f4xx.o(.text)
    CAN2_TX_IRQHandler                       0x0800138f   Thumb Code     0  startup_stm32f4xx.o(.text)
    CRYP_IRQHandler                          0x0800138f   Thumb Code     0  startup_stm32f4xx.o(.text)
    DCMI_IRQHandler                          0x0800138f   Thumb Code     0  startup_stm32f4xx.o(.text)
    DMA1_Stream0_IRQHandler                  0x0800138f   Thumb Code     0  startup_stm32f4xx.o(.text)
    DMA1_Stream1_IRQHandler                  0x0800138f   Thumb Code     0  startup_stm32f4xx.o(.text)
    DMA1_Stream2_IRQHandler                  0x0800138f   Thumb Code     0  startup_stm32f4xx.o(.text)
    DMA1_Stream3_IRQHandler                  0x0800138f   Thumb Code     0  startup_stm32f4xx.o(.text)
    DMA1_Stream4_IRQHandler                  0x0800138f   Thumb Code     0  startup_stm32f4xx.o(.text)
    DMA1_Stream5_IRQHandler                  0x0800138f   Thumb Code     0  startup_stm32f4xx.o(.text)
    DMA1_Stream6_IRQHandler                  0x0800138f   Thumb Code     0  startup_stm32f4xx.o(.text)
    DMA1_Stream7_IRQHandler                  0x0800138f   Thumb Code     0  startup_stm32f4xx.o(.text)
    DMA2_Stream0_IRQHandler                  0x0800138f   Thumb Code     0  startup_stm32f4xx.o(.text)
    DMA2_Stream1_IRQHandler                  0x0800138f   Thumb Code     0  startup_stm32f4xx.o(.text)
    DMA2_Stream2_IRQHandler                  0x0800138f   Thumb Code     0  startup_stm32f4xx.o(.text)
    DMA2_Stream3_IRQHandler                  0x0800138f   Thumb Code     0  startup_stm32f4xx.o(.text)
    DMA2_Stream4_IRQHandler                  0x0800138f   Thumb Code     0  startup_stm32f4xx.o(.text)
    DMA2_Stream5_IRQHandler                  0x0800138f   Thumb Code     0  startup_stm32f4xx.o(.text)
    DMA2_Stream6_IRQHandler                  0x0800138f   Thumb Code     0  startup_stm32f4xx.o(.text)
    DMA2_Stream7_IRQHandler                  0x0800138f   Thumb Code     0  startup_stm32f4xx.o(.text)
    ETH_IRQHandler                           0x0800138f   Thumb Code     0  startup_stm32f4xx.o(.text)
    ETH_WKUP_IRQHandler                      0x0800138f   Thumb Code     0  startup_stm32f4xx.o(.text)
    EXTI0_IRQHandler                         0x0800138f   Thumb Code     0  startup_stm32f4xx.o(.text)
    EXTI15_10_IRQHandler                     0x0800138f   Thumb Code     0  startup_stm32f4xx.o(.text)
    EXTI1_IRQHandler                         0x0800138f   Thumb Code     0  startup_stm32f4xx.o(.text)
    EXTI2_IRQHandler                         0x0800138f   Thumb Code     0  startup_stm32f4xx.o(.text)
    EXTI3_IRQHandler                         0x0800138f   Thumb Code     0  startup_stm32f4xx.o(.text)
    EXTI4_IRQHandler                         0x0800138f   Thumb Code     0  startup_stm32f4xx.o(.text)
    EXTI9_5_IRQHandler                       0x0800138f   Thumb Code     0  startup_stm32f4xx.o(.text)
    FLASH_IRQHandler                         0x0800138f   Thumb Code     0  startup_stm32f4xx.o(.text)
    FPU_IRQHandler                           0x0800138f   Thumb Code     0  startup_stm32f4xx.o(.text)
    FSMC_IRQHandler                          0x0800138f   Thumb Code     0  startup_stm32f4xx.o(.text)
    HASH_RNG_IRQHandler                      0x0800138f   Thumb Code     0  startup_stm32f4xx.o(.text)
    I2C1_ER_IRQHandler                       0x0800138f   Thumb Code     0  startup_stm32f4xx.o(.text)
    I2C1_EV_IRQHandler                       0x0800138f   Thumb Code     0  startup_stm32f4xx.o(.text)
    I2C2_ER_IRQHandler                       0x0800138f   Thumb Code     0  startup_stm32f4xx.o(.text)
    I2C2_EV_IRQHandler                       0x0800138f   Thumb Code     0  startup_stm32f4xx.o(.text)
    I2C3_ER_IRQHandler                       0x0800138f   Thumb Code     0  startup_stm32f4xx.o(.text)
    I2C3_EV_IRQHandler                       0x0800138f   Thumb Code     0  startup_stm32f4xx.o(.text)
    OTG_FS_IRQHandler                        0x0800138f   Thumb Code     0  startup_stm32f4xx.o(.text)
    OTG_FS_WKUP_IRQHandler                   0x0800138f   Thumb Code     0  startup_stm32f4xx.o(.text)
    OTG_HS_EP1_IN_IRQHandler                 0x0800138f   Thumb Code     0  startup_stm32f4xx.o(.text)
    OTG_HS_EP1_OUT_IRQHandler                0x0800138f   Thumb Code     0  startup_stm32f4xx.o(.text)
    OTG_HS_IRQHandler                        0x0800138f   Thumb Code     0  startup_stm32f4xx.o(.text)
    OTG_HS_WKUP_IRQHandler                   0x0800138f   Thumb Code     0  startup_stm32f4xx.o(.text)
    PVD_IRQHandler                           0x0800138f   Thumb Code     0  startup_stm32f4xx.o(.text)
    RCC_IRQHandler                           0x0800138f   Thumb Code     0  startup_stm32f4xx.o(.text)
    RTC_Alarm_IRQHandler                     0x0800138f   Thumb Code     0  startup_stm32f4xx.o(.text)
    RTC_WKUP_IRQHandler                      0x0800138f   Thumb Code     0  startup_stm32f4xx.o(.text)
    SDIO_IRQHandler                          0x0800138f   Thumb Code     0  startup_stm32f4xx.o(.text)
    SPI1_IRQHandler                          0x0800138f   Thumb Code     0  startup_stm32f4xx.o(.text)
    SPI2_IRQHandler                          0x0800138f   Thumb Code     0  startup_stm32f4xx.o(.text)
    SPI3_IRQHandler                          0x0800138f   Thumb Code     0  startup_stm32f4xx.o(.text)
    TAMP_STAMP_IRQHandler                    0x0800138f   Thumb Code     0  startup_stm32f4xx.o(.text)
    TIM1_BRK_TIM9_IRQHandler                 0x0800138f   Thumb Code     0  startup_stm32f4xx.o(.text)
    TIM1_CC_IRQHandler                       0x0800138f   Thumb Code     0  startup_stm32f4xx.o(.text)
    TIM1_TRG_COM_TIM11_IRQHandler            0x0800138f   Thumb Code     0  startup_stm32f4xx.o(.text)
    TIM1_UP_TIM10_IRQHandler                 0x0800138f   Thumb Code     0  startup_stm32f4xx.o(.text)
    TIM2_IRQHandler                          0x0800138f   Thumb Code     0  startup_stm32f4xx.o(.text)
    TIM3_IRQHandler                          0x0800138f   Thumb Code     0  startup_stm32f4xx.o(.text)
    TIM4_IRQHandler                          0x0800138f   Thumb Code     0  startup_stm32f4xx.o(.text)
    TIM5_IRQHandler                          0x0800138f   Thumb Code     0  startup_stm32f4xx.o(.text)
    TIM6_DAC_IRQHandler                      0x0800138f   Thumb Code     0  startup_stm32f4xx.o(.text)
    TIM7_IRQHandler                          0x0800138f   Thumb Code     0  startup_stm32f4xx.o(.text)
    TIM8_BRK_TIM12_IRQHandler                0x0800138f   Thumb Code     0  startup_stm32f4xx.o(.text)
    TIM8_CC_IRQHandler                       0x0800138f   Thumb Code     0  startup_stm32f4xx.o(.text)
    TIM8_TRG_COM_TIM14_IRQHandler            0x0800138f   Thumb Code     0  startup_stm32f4xx.o(.text)
    TIM8_UP_TIM13_IRQHandler                 0x0800138f   Thumb Code     0  startup_stm32f4xx.o(.text)
    UART4_IRQHandler                         0x0800138f   Thumb Code     0  startup_stm32f4xx.o(.text)
    UART5_IRQHandler                         0x0800138f   Thumb Code     0  startup_stm32f4xx.o(.text)
    USART2_IRQHandler                        0x0800138f   Thumb Code     0  startup_stm32f4xx.o(.text)
    USART3_IRQHandler                        0x0800138f   Thumb Code     0  startup_stm32f4xx.o(.text)
    USART6_IRQHandler                        0x0800138f   Thumb Code     0  startup_stm32f4xx.o(.text)
    WWDG_IRQHandler                          0x0800138f   Thumb Code     0  startup_stm32f4xx.o(.text)
    __user_initial_stackheap                 0x08001391   Thumb Code     0  startup_stm32f4xx.o(.text)
    NVIC_PriorityGroupConfig                 0x080013b5   Thumb Code    10  misc.o(.text)
    NVIC_Init                                0x080013bf   Thumb Code    96  misc.o(.text)
    NVIC_SetVectorTable                      0x0800141f   Thumb Code    14  misc.o(.text)
    NVIC_SystemLPConfig                      0x0800142d   Thumb Code    20  misc.o(.text)
    SysTick_CLKSourceConfig                  0x08001441   Thumb Code    24  misc.o(.text)
    GPIO_DeInit                              0x08001465   Thumb Code   192  stm32f4xx_gpio.o(.text)
    GPIO_Init                                0x08001525   Thumb Code   120  stm32f4xx_gpio.o(.text)
    GPIO_StructInit                          0x0800159d   Thumb Code    18  stm32f4xx_gpio.o(.text)
    GPIO_PinLockConfig                       0x080015af   Thumb Code    24  stm32f4xx_gpio.o(.text)
    GPIO_ReadInputDataBit                    0x080015c7   Thumb Code    14  stm32f4xx_gpio.o(.text)
    GPIO_ReadInputData                       0x080015d5   Thumb Code     6  stm32f4xx_gpio.o(.text)
    GPIO_ReadOutputDataBit                   0x080015db   Thumb Code    14  stm32f4xx_gpio.o(.text)
    GPIO_ReadOutputData                      0x080015e9   Thumb Code     6  stm32f4xx_gpio.o(.text)
    GPIO_SetBits                             0x080015ef   Thumb Code     4  stm32f4xx_gpio.o(.text)
    GPIO_ResetBits                           0x080015f3   Thumb Code     4  stm32f4xx_gpio.o(.text)
    GPIO_WriteBit                            0x080015f7   Thumb Code    10  stm32f4xx_gpio.o(.text)
    GPIO_Write                               0x08001601   Thumb Code     4  stm32f4xx_gpio.o(.text)
    GPIO_ToggleBits                          0x08001605   Thumb Code     8  stm32f4xx_gpio.o(.text)
    GPIO_PinAFConfig                         0x0800160d   Thumb Code    32  stm32f4xx_gpio.o(.text)
    RCC_DeInit                               0x08001651   Thumb Code    48  stm32f4xx_rcc.o(.text)
    RCC_HSEConfig                            0x08001681   Thumb Code    12  stm32f4xx_rcc.o(.text)
    RCC_GetFlagStatus                        0x0800168d   Thumb Code    46  stm32f4xx_rcc.o(.text)
    RCC_WaitForHSEStartUp                    0x080016bb   Thumb Code    44  stm32f4xx_rcc.o(.text)
    RCC_AdjustHSICalibrationValue            0x080016e7   Thumb Code    16  stm32f4xx_rcc.o(.text)
    RCC_HSICmd                               0x080016f7   Thumb Code     6  stm32f4xx_rcc.o(.text)
    RCC_LSEConfig                            0x080016fd   Thumb Code    24  stm32f4xx_rcc.o(.text)
    RCC_LSICmd                               0x08001715   Thumb Code     6  stm32f4xx_rcc.o(.text)
    RCC_PLLConfig                            0x0800171b   Thumb Code    32  stm32f4xx_rcc.o(.text)
    RCC_PLLCmd                               0x0800173b   Thumb Code     6  stm32f4xx_rcc.o(.text)
    RCC_PLLI2SConfig                         0x08001741   Thumb Code    14  stm32f4xx_rcc.o(.text)
    RCC_PLLI2SCmd                            0x0800174f   Thumb Code     6  stm32f4xx_rcc.o(.text)
    RCC_ClockSecuritySystemCmd               0x08001755   Thumb Code     6  stm32f4xx_rcc.o(.text)
    RCC_MCO1Config                           0x0800175b   Thumb Code    18  stm32f4xx_rcc.o(.text)
    RCC_MCO2Config                           0x0800176d   Thumb Code    18  stm32f4xx_rcc.o(.text)
    RCC_SYSCLKConfig                         0x0800177f   Thumb Code    16  stm32f4xx_rcc.o(.text)
    RCC_GetSYSCLKSource                      0x0800178f   Thumb Code    12  stm32f4xx_rcc.o(.text)
    RCC_HCLKConfig                           0x0800179b   Thumb Code    16  stm32f4xx_rcc.o(.text)
    RCC_PCLK1Config                          0x080017ab   Thumb Code    16  stm32f4xx_rcc.o(.text)
    RCC_PCLK2Config                          0x080017bb   Thumb Code    18  stm32f4xx_rcc.o(.text)
    RCC_GetClocksFreq                        0x080017cd   Thumb Code   134  stm32f4xx_rcc.o(.text)
    RCC_RTCCLKConfig                         0x08001853   Thumb Code    42  stm32f4xx_rcc.o(.text)
    RCC_RTCCLKCmd                            0x0800187d   Thumb Code     8  stm32f4xx_rcc.o(.text)
    RCC_BackupResetCmd                       0x08001885   Thumb Code     8  stm32f4xx_rcc.o(.text)
    RCC_I2SCLKConfig                         0x0800188d   Thumb Code     8  stm32f4xx_rcc.o(.text)
    RCC_AHB1PeriphClockCmd                   0x08001895   Thumb Code    20  stm32f4xx_rcc.o(.text)
    RCC_AHB2PeriphClockCmd                   0x080018a9   Thumb Code    20  stm32f4xx_rcc.o(.text)
    RCC_AHB3PeriphClockCmd                   0x080018bd   Thumb Code    20  stm32f4xx_rcc.o(.text)
    RCC_APB1PeriphClockCmd                   0x080018d1   Thumb Code    20  stm32f4xx_rcc.o(.text)
    RCC_APB2PeriphClockCmd                   0x080018e5   Thumb Code    20  stm32f4xx_rcc.o(.text)
    RCC_AHB1PeriphResetCmd                   0x080018f9   Thumb Code    20  stm32f4xx_rcc.o(.text)
    RCC_AHB2PeriphResetCmd                   0x0800190d   Thumb Code    20  stm32f4xx_rcc.o(.text)
    RCC_AHB3PeriphResetCmd                   0x08001921   Thumb Code    20  stm32f4xx_rcc.o(.text)
    RCC_APB1PeriphResetCmd                   0x08001935   Thumb Code    20  stm32f4xx_rcc.o(.text)
    RCC_APB2PeriphResetCmd                   0x08001949   Thumb Code    20  stm32f4xx_rcc.o(.text)
    RCC_AHB1PeriphClockLPModeCmd             0x0800195d   Thumb Code    20  stm32f4xx_rcc.o(.text)
    RCC_AHB2PeriphClockLPModeCmd             0x08001971   Thumb Code    20  stm32f4xx_rcc.o(.text)
    RCC_AHB3PeriphClockLPModeCmd             0x08001985   Thumb Code    20  stm32f4xx_rcc.o(.text)
    RCC_APB1PeriphClockLPModeCmd             0x08001999   Thumb Code    20  stm32f4xx_rcc.o(.text)
    RCC_APB2PeriphClockLPModeCmd             0x080019ad   Thumb Code    20  stm32f4xx_rcc.o(.text)
    RCC_ITConfig                             0x080019c1   Thumb Code    20  stm32f4xx_rcc.o(.text)
    RCC_ClearFlag                            0x080019d5   Thumb Code    14  stm32f4xx_rcc.o(.text)
    RCC_GetITStatus                          0x080019e3   Thumb Code    18  stm32f4xx_rcc.o(.text)
    RCC_ClearITPendingBit                    0x080019f5   Thumb Code     8  stm32f4xx_rcc.o(.text)
    USART_DeInit                             0x08001a21   Thumb Code   114  stm32f4xx_usart.o(.text)
    USART_Init                               0x08001a93   Thumb Code   164  stm32f4xx_usart.o(.text)
    USART_StructInit                         0x08001b37   Thumb Code    22  stm32f4xx_usart.o(.text)
    USART_ClockInit                          0x08001b4d   Thumb Code    28  stm32f4xx_usart.o(.text)
    USART_ClockStructInit                    0x08001b69   Thumb Code    12  stm32f4xx_usart.o(.text)
    USART_Cmd                                0x08001b75   Thumb Code    20  stm32f4xx_usart.o(.text)
    USART_SetPrescaler                       0x08001b89   Thumb Code    16  stm32f4xx_usart.o(.text)
    USART_OverSampling8Cmd                   0x08001b99   Thumb Code    20  stm32f4xx_usart.o(.text)
    USART_OneBitMethodCmd                    0x08001bad   Thumb Code    20  stm32f4xx_usart.o(.text)
    USART_SendData                           0x08001bc1   Thumb Code     8  stm32f4xx_usart.o(.text)
    USART_ReceiveData                        0x08001bc9   Thumb Code     8  stm32f4xx_usart.o(.text)
    USART_SetAddress                         0x08001bd1   Thumb Code    16  stm32f4xx_usart.o(.text)
    USART_ReceiverWakeUpCmd                  0x08001be1   Thumb Code    20  stm32f4xx_usart.o(.text)
    USART_WakeUpConfig                       0x08001bf5   Thumb Code    16  stm32f4xx_usart.o(.text)
    USART_LINBreakDetectLengthConfig         0x08001c05   Thumb Code    16  stm32f4xx_usart.o(.text)
    USART_LINCmd                             0x08001c15   Thumb Code    20  stm32f4xx_usart.o(.text)
    USART_SendBreak                          0x08001c29   Thumb Code    10  stm32f4xx_usart.o(.text)
    USART_HalfDuplexCmd                      0x08001c33   Thumb Code    20  stm32f4xx_usart.o(.text)
    USART_SetGuardTime                       0x08001c47   Thumb Code    16  stm32f4xx_usart.o(.text)
    USART_SmartCardCmd                       0x08001c57   Thumb Code    20  stm32f4xx_usart.o(.text)
    USART_SmartCardNACKCmd                   0x08001c6b   Thumb Code    20  stm32f4xx_usart.o(.text)
    USART_IrDAConfig                         0x08001c7f   Thumb Code    16  stm32f4xx_usart.o(.text)
    USART_IrDACmd                            0x08001c8f   Thumb Code    20  stm32f4xx_usart.o(.text)
    USART_DMACmd                             0x08001ca3   Thumb Code    16  stm32f4xx_usart.o(.text)
    USART_ITConfig                           0x08001cb3   Thumb Code    48  stm32f4xx_usart.o(.text)
    USART_GetFlagStatus                      0x08001ce3   Thumb Code    14  stm32f4xx_usart.o(.text)
    USART_ClearFlag                          0x08001cf1   Thumb Code     6  stm32f4xx_usart.o(.text)
    USART_GetITStatus                        0x08001cf7   Thumb Code    62  stm32f4xx_usart.o(.text)
    USART_ClearITPendingBit                  0x08001d35   Thumb Code    12  stm32f4xx_usart.o(.text)
    SPI_I2S_DeInit                           0x08001d59   Thumb Code    72  stm32f4xx_spi.o(.text)
    SPI_Init                                 0x08001da1   Thumb Code    56  stm32f4xx_spi.o(.text)
    I2S_Init                                 0x08001dd9   Thumb Code   188  stm32f4xx_spi.o(.text)
    SPI_StructInit                           0x08001e95   Thumb Code    24  stm32f4xx_spi.o(.text)
    I2S_StructInit                           0x08001ead   Thumb Code    18  stm32f4xx_spi.o(.text)
    SPI_Cmd                                  0x08001ebf   Thumb Code    20  stm32f4xx_spi.o(.text)
    I2S_Cmd                                  0x08001ed3   Thumb Code    20  stm32f4xx_spi.o(.text)
    SPI_DataSizeConfig                       0x08001ee7   Thumb Code    16  stm32f4xx_spi.o(.text)
    SPI_BiDirectionalLineConfig              0x08001ef7   Thumb Code    22  stm32f4xx_spi.o(.text)
    SPI_NSSInternalSoftwareConfig            0x08001f0d   Thumb Code    24  stm32f4xx_spi.o(.text)
    SPI_SSOutputCmd                          0x08001f25   Thumb Code    20  stm32f4xx_spi.o(.text)
    SPI_TIModeCmd                            0x08001f39   Thumb Code    20  stm32f4xx_spi.o(.text)
    I2S_FullDuplexConfig                     0x08001f4d   Thumb Code    58  stm32f4xx_spi.o(.text)
    SPI_I2S_ReceiveData                      0x08001f87   Thumb Code     4  stm32f4xx_spi.o(.text)
    SPI_I2S_SendData                         0x08001f8b   Thumb Code     4  stm32f4xx_spi.o(.text)
    SPI_CalculateCRC                         0x08001f8f   Thumb Code    20  stm32f4xx_spi.o(.text)
    SPI_TransmitCRC                          0x08001fa3   Thumb Code    10  stm32f4xx_spi.o(.text)
    SPI_GetCRC                               0x08001fad   Thumb Code    12  stm32f4xx_spi.o(.text)
    SPI_GetCRCPolynomial                     0x08001fb9   Thumb Code     4  stm32f4xx_spi.o(.text)
    SPI_I2S_DMACmd                           0x08001fbd   Thumb Code    16  stm32f4xx_spi.o(.text)
    SPI_I2S_ITConfig                         0x08001fcd   Thumb Code    24  stm32f4xx_spi.o(.text)
    SPI_I2S_GetFlagStatus                    0x08001fe5   Thumb Code    14  stm32f4xx_spi.o(.text)
    SPI_I2S_ClearFlag                        0x08001ff3   Thumb Code     6  stm32f4xx_spi.o(.text)
    SPI_I2S_GetITStatus                      0x08001ff9   Thumb Code    44  stm32f4xx_spi.o(.text)
    SPI_I2S_ClearITPendingBit                0x08002025   Thumb Code    14  stm32f4xx_spi.o(.text)
    SystemInit                               0x080020eb   Thumb Code    74  system_stm32f4xx.o(.text)
    SystemCoreClockUpdate                    0x08002135   Thumb Code   108  system_stm32f4xx.o(.text)
    __use_no_semihosting                     0x080021c5   Thumb Code     2  use_no_semi_2.o(.text)
    __2printf                                0x080021c9   Thumb Code    20  noretval__2printf.o(.text)
    __2sprintf                               0x080021e1   Thumb Code    34  noretval__2sprintf.o(.text)
    _printf_pre_padding                      0x08002209   Thumb Code    44  _printf_pad.o(.text)
    _printf_post_padding                     0x08002235   Thumb Code    34  _printf_pad.o(.text)
    _printf_str                              0x08002257   Thumb Code    82  _printf_str.o(.text)
    __printf                                 0x080022a9   Thumb Code   270  __printf_wp.o(.text)
    __use_two_region_memory                  0x080023b7   Thumb Code     2  heapauxi.o(.text)
    __rt_heap_escrow$2region                 0x080023b9   Thumb Code     2  heapauxi.o(.text)
    __rt_heap_expand$2region                 0x080023bb   Thumb Code     2  heapauxi.o(.text)
    __I$use$semihosting                      0x080023bd   Thumb Code     0  use_no_semi.o(.text)
    __use_no_semihosting_swi                 0x080023bd   Thumb Code     2  use_no_semi.o(.text)
    __lib_sel_fp_printf                      0x080023bf   Thumb Code     2  _printf_fp_dec.o(.text)
    _printf_fp_dec_real                      0x0800256d   Thumb Code   620  _printf_fp_dec.o(.text)
    _printf_char_common                      0x080027e3   Thumb Code    32  _printf_char_common.o(.text)
    _sputc                                   0x08002809   Thumb Code    10  _sputc.o(.text)
    _printf_cs_common                        0x08002813   Thumb Code    20  _printf_char.o(.text)
    _printf_char                             0x08002827   Thumb Code    16  _printf_char.o(.text)
    _printf_string                           0x08002837   Thumb Code     8  _printf_char.o(.text)
    _printf_char_file                        0x08002841   Thumb Code    32  _printf_char_file.o(.text)
    __rt_locale                              0x08002865   Thumb Code     8  rt_locale_intlibspace.o(.text)
    _ll_udiv10                               0x0800286d   Thumb Code   138  lludiv10.o(.text)
    _printf_fp_infnan                        0x080028f9   Thumb Code   112  _printf_fp_infnan.o(.text)
    _btod_etento                             0x08002979   Thumb Code   216  bigflt0.o(.text)
    ferror                                   0x08002a55   Thumb Code     8  ferror.o(.text)
    __user_libspace                          0x08002a5d   Thumb Code     8  libspace.o(.text)
    __user_perproc_libspace                  0x08002a5d   Thumb Code     0  libspace.o(.text)
    __user_perthread_libspace                0x08002a5d   Thumb Code     0  libspace.o(.text)
    __user_setup_stackheap                   0x08002a65   Thumb Code    74  sys_stackheap_outer.o(.text)
    exit                                     0x08002aaf   Thumb Code    18  exit.o(.text)
    strcmp                                   0x08002ac1   Thumb Code   128  strcmpv7m.o(.text)
    _btod_d2e                                0x08002b41   Thumb Code    62  btod.o(CL$$btod_d2e)
    _d2e_denorm_low                          0x08002b7f   Thumb Code    70  btod.o(CL$$btod_d2e_denorm_low)
    _d2e_norm_op1                            0x08002bc5   Thumb Code    96  btod.o(CL$$btod_d2e_norm_op1)
    __btod_div_common                        0x08002c25   Thumb Code   696  btod.o(CL$$btod_div_common)
    _e2e                                     0x08002f5d   Thumb Code   198  btod.o(CL$$btod_e2e)
    _btod_ediv                               0x08003023   Thumb Code    40  btod.o(CL$$btod_ediv)
    _btod_emul                               0x0800304b   Thumb Code    40  btod.o(CL$$btod_emul)
    __btod_mult_common                       0x08003073   Thumb Code   580  btod.o(CL$$btod_mult_common)
    __ARM_fpclassify                         0x080032b7   Thumb Code    48  fpclassify.o(i.__ARM_fpclassify)
    _is_digit                                0x080032e7   Thumb Code    14  __printf_wp.o(i._is_digit)
    _get_lc_numeric                          0x080032f5   Thumb Code    44  lc_numeric_c.o(locale$$code)
    __fpl_dretinf                            0x08003321   Thumb Code    12  dretinf.o(x$fpl$dretinf)
    __aeabi_f2d                              0x0800332d   Thumb Code     0  f2d.o(x$fpl$f2d)
    _f2d                                     0x0800332d   Thumb Code    86  f2d.o(x$fpl$f2d)
    __fpl_fnaninf                            0x08003383   Thumb Code   140  fnaninf.o(x$fpl$fnaninf)
    _fp_init                                 0x0800340f   Thumb Code    10  fpinit.o(x$fpl$fpinit)
    __fplib_config_fpu_vfp                   0x08003417   Thumb Code     0  fpinit.o(x$fpl$fpinit)
    __fplib_config_pureend_doubles           0x08003417   Thumb Code     0  fpinit.o(x$fpl$fpinit)
    _printf_fp_dec                           0x08003419   Thumb Code     4  printf1.o(x$fpl$printf1)
    __I$use$fp                               0x0800341c   Number         0  usenofp.o(x$fpl$usenofp)
    c_chFont1206                             0x0800341c   Data        1140  lcd_lib.o(.constdata)
    c_chFont1608                             0x08003890   Data        1520  lcd_lib.o(.constdata)
    GB2312                                   0x08003e80   Data         224  lcd_lib.o(.constdata)
    Region$$Table$$Base                      0x08003ff4   Number         0  anon$$obj.o(Region$$Table)
    Region$$Table$$Limit                     0x08004014   Number         0  anon$$obj.o(Region$$Table)
    __stdout                                 0x20000000   Data           4  usart.o(.data)
    SystemCoreClock                          0x2000001c   Data           4  system_stm32f4xx.o(.data)
    AHBPrescTable                            0x20000020   Data          16  system_stm32f4xx.o(.data)
    __libspace_start                         0x20000030   Data          96  libspace.o(.bss)
    __temporary_stack_top$libspace           0x20000090   Data           0  libspace.o(.bss)



==============================================================================

Memory Map of the image

  Image Entry point : 0x08000189

  Load Region LR_IROM1 (Base: 0x08000000, Size: 0x00004060, Max: 0x00100000, ABSOLUTE)

    Execution Region ER_IROM1 (Base: 0x08000000, Size: 0x00004030, Max: 0x00100000, ABSOLUTE)

    Base Addr    Size         Type   Attr      Idx    E Section Name        Object

    0x08000000   0x00000188   Data   RO          333    RESET               startup_stm32f4xx.o
    0x08000188   0x00000008   Code   RO          501  * !!!main             c_w.l(__main.o)
    0x08000190   0x00000034   Code   RO          725    !!!scatter          c_w.l(__scatter.o)
    0x080001c4   0x0000001a   Code   RO          727    !!handler_copy      c_w.l(__scatter_copy.o)
    0x080001de   0x00000002   PAD
    0x080001e0   0x0000001c   Code   RO          729    !!handler_zi        c_w.l(__scatter_zi.o)
    0x080001fc   0x00000000   Code   RO          498    .ARM.Collect$$_printf_percent$$00000000  c_w.l(_printf_percent.o)
    0x080001fc   0x00000006   Code   RO          497    .ARM.Collect$$_printf_percent$$00000003  c_w.l(_printf_f.o)
    0x08000202   0x00000006   Code   RO          496    .ARM.Collect$$_printf_percent$$00000013  c_w.l(_printf_c.o)
    0x08000208   0x00000004   Code   RO          520    .ARM.Collect$$_printf_percent$$00000017  c_w.l(_printf_percent_end.o)
    0x0800020c   0x00000002   Code   RO          602    .ARM.Collect$$libinit$$00000000  c_w.l(libinit.o)
    0x0800020e   0x00000004   Code   RO          603    .ARM.Collect$$libinit$$00000001  c_w.l(libinit2.o)
    0x08000212   0x00000000   Code   RO          606    .ARM.Collect$$libinit$$00000004  c_w.l(libinit2.o)
    0x08000212   0x00000000   Code   RO          609    .ARM.Collect$$libinit$$0000000A  c_w.l(libinit2.o)
    0x08000212   0x00000000   Code   RO          611    .ARM.Collect$$libinit$$0000000C  c_w.l(libinit2.o)
    0x08000212   0x00000000   Code   RO          613    .ARM.Collect$$libinit$$0000000E  c_w.l(libinit2.o)
    0x08000212   0x00000006   Code   RO          614    .ARM.Collect$$libinit$$0000000F  c_w.l(libinit2.o)
    0x08000218   0x00000000   Code   RO          616    .ARM.Collect$$libinit$$00000011  c_w.l(libinit2.o)
    0x08000218   0x00000000   Code   RO          618    .ARM.Collect$$libinit$$00000013  c_w.l(libinit2.o)
    0x08000218   0x00000000   Code   RO          620    .ARM.Collect$$libinit$$00000015  c_w.l(libinit2.o)
    0x08000218   0x0000000a   Code   RO          621    .ARM.Collect$$libinit$$00000016  c_w.l(libinit2.o)
    0x08000222   0x00000000   Code   RO          622    .ARM.Collect$$libinit$$00000017  c_w.l(libinit2.o)
    0x08000222   0x00000000   Code   RO          624    .ARM.Collect$$libinit$$00000019  c_w.l(libinit2.o)
    0x08000222   0x00000000   Code   RO          626    .ARM.Collect$$libinit$$0000001B  c_w.l(libinit2.o)
    0x08000222   0x00000000   Code   RO          628    .ARM.Collect$$libinit$$0000001D  c_w.l(libinit2.o)
    0x08000222   0x00000000   Code   RO          630    .ARM.Collect$$libinit$$0000001F  c_w.l(libinit2.o)
    0x08000222   0x00000000   Code   RO          632    .ARM.Collect$$libinit$$00000021  c_w.l(libinit2.o)
    0x08000222   0x00000000   Code   RO          634    .ARM.Collect$$libinit$$00000023  c_w.l(libinit2.o)
    0x08000222   0x00000000   Code   RO          636    .ARM.Collect$$libinit$$00000025  c_w.l(libinit2.o)
    0x08000222   0x00000000   Code   RO          640    .ARM.Collect$$libinit$$0000002C  c_w.l(libinit2.o)
    0x08000222   0x00000000   Code   RO          642    .ARM.Collect$$libinit$$0000002E  c_w.l(libinit2.o)
    0x08000222   0x00000000   Code   RO          644    .ARM.Collect$$libinit$$00000030  c_w.l(libinit2.o)
    0x08000222   0x00000000   Code   RO          646    .ARM.Collect$$libinit$$00000032  c_w.l(libinit2.o)
    0x08000222   0x00000002   Code   RO          647    .ARM.Collect$$libinit$$00000033  c_w.l(libinit2.o)
    0x08000224   0x00000002   Code   RO          675    .ARM.Collect$$libshutdown$$00000000  c_w.l(libshutdown.o)
    0x08000226   0x00000000   Code   RO          684    .ARM.Collect$$libshutdown$$00000002  c_w.l(libshutdown2.o)
    0x08000226   0x00000000   Code   RO          686    .ARM.Collect$$libshutdown$$00000004  c_w.l(libshutdown2.o)
    0x08000226   0x00000000   Code   RO          689    .ARM.Collect$$libshutdown$$00000007  c_w.l(libshutdown2.o)
    0x08000226   0x00000000   Code   RO          692    .ARM.Collect$$libshutdown$$0000000A  c_w.l(libshutdown2.o)
    0x08000226   0x00000000   Code   RO          694    .ARM.Collect$$libshutdown$$0000000C  c_w.l(libshutdown2.o)
    0x08000226   0x00000000   Code   RO          697    .ARM.Collect$$libshutdown$$0000000F  c_w.l(libshutdown2.o)
    0x08000226   0x00000002   Code   RO          698    .ARM.Collect$$libshutdown$$00000010  c_w.l(libshutdown2.o)
    0x08000228   0x00000000   Code   RO          509    .ARM.Collect$$rtentry$$00000000  c_w.l(__rtentry.o)
    0x08000228   0x00000000   Code   RO          527    .ARM.Collect$$rtentry$$00000002  c_w.l(__rtentry2.o)
    0x08000228   0x00000006   Code   RO          539    .ARM.Collect$$rtentry$$00000004  c_w.l(__rtentry4.o)
    0x0800022e   0x00000000   Code   RO          529    .ARM.Collect$$rtentry$$00000009  c_w.l(__rtentry2.o)
    0x0800022e   0x00000004   Code   RO          530    .ARM.Collect$$rtentry$$0000000A  c_w.l(__rtentry2.o)
    0x08000232   0x00000000   Code   RO          532    .ARM.Collect$$rtentry$$0000000C  c_w.l(__rtentry2.o)
    0x08000232   0x00000008   Code   RO          533    .ARM.Collect$$rtentry$$0000000D  c_w.l(__rtentry2.o)
    0x0800023a   0x00000002   Code   RO          648    .ARM.Collect$$rtexit$$00000000  c_w.l(rtexit.o)
    0x0800023c   0x00000000   Code   RO          655    .ARM.Collect$$rtexit$$00000002  c_w.l(rtexit2.o)
    0x0800023c   0x00000004   Code   RO          656    .ARM.Collect$$rtexit$$00000003  c_w.l(rtexit2.o)
    0x08000240   0x00000006   Code   RO          657    .ARM.Collect$$rtexit$$00000004  c_w.l(rtexit2.o)
    0x08000246   0x00000002   PAD
    0x08000248   0x000000e8   Code   RO            2    .text               main.o
    0x08000330   0x000000ec   Code   RO          148    .text               usart.o
    0x0800041c   0x00000078   Code   RO          177    .text               stm32f4xx_it.o
    0x08000494   0x00000080   Code   RO          196    .text               user_systick.o
    0x08000514   0x00000ace   Code   RO          232    .text               lcd_driver.o
    0x08000fe2   0x0000006c   Code   RO          256    .text               stm32f10x_systick.o
    0x0800104e   0x00000002   PAD
    0x08001050   0x000000ac   Code   RO          275    .text               systick.o
    0x080010fc   0x000000b4   Code   RO          296    .text               18b20.o
    0x080011b0   0x000001c4   Code   RO          312    .text               onewire.o
    0x08001374   0x00000040   Code   RO          334    .text               startup_stm32f4xx.o
    0x080013b4   0x000000b0   Code   RO          339    .text               misc.o
    0x08001464   0x000001ec   Code   RO          371    .text               stm32f4xx_gpio.o
    0x08001650   0x000003d0   Code   RO          387    .text               stm32f4xx_rcc.o
    0x08001a20   0x00000338   Code   RO          405    .text               stm32f4xx_usart.o
    0x08001d58   0x000002f0   Code   RO          421    .text               stm32f4xx_spi.o
    0x08002048   0x0000017c   Code   RO          437    .text               system_stm32f4xx.o
    0x080021c4   0x00000002   Code   RO          460    .text               c_w.l(use_no_semi_2.o)
    0x080021c6   0x00000002   PAD
    0x080021c8   0x00000018   Code   RO          466    .text               c_w.l(noretval__2printf.o)
    0x080021e0   0x00000028   Code   RO          468    .text               c_w.l(noretval__2sprintf.o)
    0x08002208   0x0000004e   Code   RO          472    .text               c_w.l(_printf_pad.o)
    0x08002256   0x00000052   Code   RO          474    .text               c_w.l(_printf_str.o)
    0x080022a8   0x0000010e   Code   RO          484    .text               c_w.l(__printf_wp.o)
    0x080023b6   0x00000006   Code   RO          499    .text               c_w.l(heapauxi.o)
    0x080023bc   0x00000002   Code   RO          507    .text               c_w.l(use_no_semi.o)
    0x080023be   0x0000041a   Code   RO          510    .text               c_w.l(_printf_fp_dec.o)
    0x080027d8   0x00000030   Code   RO          512    .text               c_w.l(_printf_char_common.o)
    0x08002808   0x0000000a   Code   RO          514    .text               c_w.l(_sputc.o)
    0x08002812   0x0000002c   Code   RO          516    .text               c_w.l(_printf_char.o)
    0x0800283e   0x00000002   PAD
    0x08002840   0x00000024   Code   RO          518    .text               c_w.l(_printf_char_file.o)
    0x08002864   0x00000008   Code   RO          544    .text               c_w.l(rt_locale_intlibspace.o)
    0x0800286c   0x0000008a   Code   RO          546    .text               c_w.l(lludiv10.o)
    0x080028f6   0x00000002   PAD
    0x080028f8   0x00000080   Code   RO          548    .text               c_w.l(_printf_fp_infnan.o)
    0x08002978   0x000000dc   Code   RO          552    .text               c_w.l(bigflt0.o)
    0x08002a54   0x00000008   Code   RO          577    .text               c_w.l(ferror.o)
    0x08002a5c   0x00000008   Code   RO          588    .text               c_w.l(libspace.o)
    0x08002a64   0x0000004a   Code   RO          591    .text               c_w.l(sys_stackheap_outer.o)
    0x08002aae   0x00000012   Code   RO          593    .text               c_w.l(exit.o)
    0x08002ac0   0x00000080   Code   RO          595    .text               c_w.l(strcmpv7m.o)
    0x08002b40   0x0000003e   Code   RO          555    CL$$btod_d2e        c_w.l(btod.o)
    0x08002b7e   0x00000046   Code   RO          557    CL$$btod_d2e_denorm_low  c_w.l(btod.o)
    0x08002bc4   0x00000060   Code   RO          556    CL$$btod_d2e_norm_op1  c_w.l(btod.o)
    0x08002c24   0x00000338   Code   RO          565    CL$$btod_div_common  c_w.l(btod.o)
    0x08002f5c   0x000000c6   Code   RO          562    CL$$btod_e2e        c_w.l(btod.o)
    0x08003022   0x00000028   Code   RO          559    CL$$btod_ediv       c_w.l(btod.o)
    0x0800304a   0x00000028   Code   RO          558    CL$$btod_emul       c_w.l(btod.o)
    0x08003072   0x00000244   Code   RO          564    CL$$btod_mult_common  c_w.l(btod.o)
    0x080032b6   0x00000030   Code   RO          586    i.__ARM_fpclassify  m_wm.l(fpclassify.o)
    0x080032e6   0x0000000e   Code   RO          486    i._is_digit         c_w.l(__printf_wp.o)
    0x080032f4   0x0000002c   Code   RO          582    locale$$code        c_w.l(lc_numeric_c.o)
    0x08003320   0x0000000c   Code   RO          521    x$fpl$dretinf       fz_wm.l(dretinf.o)
    0x0800332c   0x00000056   Code   RO          503    x$fpl$f2d           fz_wm.l(f2d.o)
    0x08003382   0x0000008c   Code   RO          523    x$fpl$fnaninf       fz_wm.l(fnaninf.o)
    0x0800340e   0x0000000a   Code   RO          652    x$fpl$fpinit        fz_wm.l(fpinit.o)
    0x08003418   0x00000004   Code   RO          505    x$fpl$printf1       fz_wm.l(printf1.o)
    0x0800341c   0x00000000   Code   RO          525    x$fpl$usenofp       fz_wm.l(usenofp.o)
    0x0800341c   0x00000474   Data   RO          217    .constdata          lcd_lib.o
    0x08003890   0x000005f0   Data   RO          218    .constdata          lcd_lib.o
    0x08003e80   0x000000e0   Data   RO          219    .constdata          lcd_lib.o
    0x08003f60   0x00000094   Data   RO          553    .constdata          c_w.l(bigflt0.o)
    0x08003ff4   0x00000020   Data   RO          723    Region$$Table       anon$$obj.o
    0x08004014   0x0000001c   Data   RO          581    locale$$data        c_w.l(lc_numeric_c.o)


    Execution Region RW_IRAM1 (Base: 0x20000000, Size: 0x00000690, Max: 0x00020000, ABSOLUTE)

    Base Addr    Size         Type   Attr      Idx    E Section Name        Object

    0x20000000   0x00000004   Data   RW          149    .data               usart.o
    0x20000004   0x00000004   Data   RW          197    .data               user_systick.o
    0x20000008   0x00000004   Data   RW          276    .data               systick.o
    0x2000000c   0x00000010   Data   RW          388    .data               stm32f4xx_rcc.o
    0x2000001c   0x00000014   Data   RW          438    .data               system_stm32f4xx.o
    0x20000030   0x00000060   Zero   RW          589    .bss                c_w.l(libspace.o)
    0x20000090   0x00000200   Zero   RW          332    HEAP                startup_stm32f4xx.o
    0x20000290   0x00000400   Zero   RW          331    STACK               startup_stm32f4xx.o


==============================================================================

Image component sizes


      Code (inc. data)   RO Data    RW Data    ZI Data      Debug   Object Name

       180          8          0          0          0       1205   18b20.o
      2766         30          0          0          0      10940   lcd_driver.o
         0          0       2884          0          0        599   lcd_lib.o
       232         70          0          0          0     247949   main.o
       176         12          0          0          0       2097   misc.o
       452          6          0          0          0       2470   onewire.o
        64         26        392          0       1536        912   startup_stm32f4xx.o
       108          0          0          0          0       1549   stm32f10x_systick.o
       492         36          0          0          0       4597   stm32f4xx_gpio.o
       120         62          0          0          0       1476   stm32f4xx_it.o
       976         36          0         16          0      11567   stm32f4xx_rcc.o
       752         22          0          0          0       7453   stm32f4xx_spi.o
       824         24          0          0          0       8412   stm32f4xx_usart.o
       380         36          0         20          0       2135   system_stm32f4xx.o
       172         10          0          4          0       1164   systick.o
       236         12          0          4          0       2962   usart.o
       128          8          0          4          0      19796   user_systick.o

    ----------------------------------------------------------------------
      8060        398       3308         48       1536     327283   Object Totals
         0          0         32          0          0          0   (incl. Generated)
         2          0          0          0          0          0   (incl. Padding)

    ----------------------------------------------------------------------

      Code (inc. data)   RO Data    RW Data    ZI Data      Debug   Library Member Name

         8          0          0          0          0         68   __main.o
       284          0          0          0          0        156   __printf_wp.o
         0          0          0          0          0          0   __rtentry.o
        12          0          0          0          0          0   __rtentry2.o
         6          0          0          0          0          0   __rtentry4.o
        52          8          0          0          0          0   __scatter.o
        26          0          0          0          0          0   __scatter_copy.o
        28          0          0          0          0          0   __scatter_zi.o
         6          0          0          0          0          0   _printf_c.o
        44          0          0          0          0        108   _printf_char.o
        48          6          0          0          0         96   _printf_char_common.o
        36          4          0          0          0         80   _printf_char_file.o
         6          0          0          0          0          0   _printf_f.o
      1050          0          0          0          0        216   _printf_fp_dec.o
       128         16          0          0          0         84   _printf_fp_infnan.o
        78          0          0          0          0        108   _printf_pad.o
         0          0          0          0          0          0   _printf_percent.o
         4          0          0          0          0          0   _printf_percent_end.o
        82          0          0          0          0         80   _printf_str.o
        10          0          0          0          0         68   _sputc.o
       220          4        148          0          0         96   bigflt0.o
      1910        128          0          0          0        672   btod.o
        18          0          0          0          0         80   exit.o
         8          0          0          0          0         68   ferror.o
         6          0          0          0          0        152   heapauxi.o
        44         10         28          0          0         76   lc_numeric_c.o
         2          0          0          0          0          0   libinit.o
        22          0          0          0          0          0   libinit2.o
         2          0          0          0          0          0   libshutdown.o
         2          0          0          0          0          0   libshutdown2.o
         8          4          0          0         96         68   libspace.o
       138          0          0          0          0         80   lludiv10.o
        24          4          0          0          0         84   noretval__2printf.o
        40          6          0          0          0         84   noretval__2sprintf.o
         8          4          0          0          0         68   rt_locale_intlibspace.o
         2          0          0          0          0          0   rtexit.o
        10          0          0          0          0          0   rtexit2.o
       128          0          0          0          0         68   strcmpv7m.o
        74          0          0          0          0         80   sys_stackheap_outer.o
         2          0          0          0          0         68   use_no_semi.o
         2          0          0          0          0         68   use_no_semi_2.o
        12          0          0          0          0        116   dretinf.o
        86          4          0          0          0        132   f2d.o
       140          4          0          0          0        132   fnaninf.o
        10          0          0          0          0        116   fpinit.o
         4          0          0          0          0        116   printf1.o
         0          0          0          0          0          0   usenofp.o
        48          0          0          0          0        124   fpclassify.o

    ----------------------------------------------------------------------
      4888        202        176          0         96       3612   Library Totals
        10          0          0          0          0          0   (incl. Padding)

    ----------------------------------------------------------------------

      Code (inc. data)   RO Data    RW Data    ZI Data      Debug   Library Name

      4578        194        176          0         96       2876   c_w.l
       252          8          0          0          0        612   fz_wm.l
        48          0          0          0          0        124   m_wm.l

    ----------------------------------------------------------------------
      4888        202        176          0         96       3612   Library Totals

    ----------------------------------------------------------------------

==============================================================================


      Code (inc. data)   RO Data    RW Data    ZI Data      Debug   

     12948        600       3484         48       1632     325435   Grand Totals
     12948        600       3484         48       1632     325435   ELF Image Totals
     12948        600       3484         48          0          0   ROM Totals

==============================================================================

    Total RO  Size (Code + RO Data)                16432 (  16.05kB)
    Total RW  Size (RW Data + ZI Data)              1680 (   1.64kB)
    Total ROM Size (Code + RO Data + RW Data)      16480 (  16.09kB)

==============================================================================

